Archive member included to satisfy reference by file (symbol)

c:/program files/arm-gnu-toolchain-12.2.mpacbti-rel1-mingw-w64-i686-arm-none-eabi/bin/../lib/gcc/arm-none-eabi/12.2.1/thumb/v7e-m+fp/hard\libc_nano.a(libc_a-exit.o)
                              c:/program files/arm-gnu-toolchain-12.2.mpacbti-rel1-mingw-w64-i686-arm-none-eabi/bin/../lib/gcc/arm-none-eabi/12.2.1/thumb/v7e-m+fp/hard/crt0.o (exit)
c:/program files/arm-gnu-toolchain-12.2.mpacbti-rel1-mingw-w64-i686-arm-none-eabi/bin/../lib/gcc/arm-none-eabi/12.2.1/thumb/v7e-m+fp/hard\libc_nano.a(libc_a-findfp.o)
                              c:/program files/arm-gnu-toolchain-12.2.mpacbti-rel1-mingw-w64-i686-arm-none-eabi/bin/../lib/gcc/arm-none-eabi/12.2.1/thumb/v7e-m+fp/hard\libc_nano.a(libc_a-exit.o) (__stdio_exit_handler)
c:/program files/arm-gnu-toolchain-12.2.mpacbti-rel1-mingw-w64-i686-arm-none-eabi/bin/../lib/gcc/arm-none-eabi/12.2.1/thumb/v7e-m+fp/hard\libc_nano.a(libc_a-fwalk.o)
                              c:/program files/arm-gnu-toolchain-12.2.mpacbti-rel1-mingw-w64-i686-arm-none-eabi/bin/../lib/gcc/arm-none-eabi/12.2.1/thumb/v7e-m+fp/hard\libc_nano.a(libc_a-findfp.o) (_fwalk_sglue)
c:/program files/arm-gnu-toolchain-12.2.mpacbti-rel1-mingw-w64-i686-arm-none-eabi/bin/../lib/gcc/arm-none-eabi/12.2.1/thumb/v7e-m+fp/hard\libc_nano.a(libc_a-stdio.o)
                              c:/program files/arm-gnu-toolchain-12.2.mpacbti-rel1-mingw-w64-i686-arm-none-eabi/bin/../lib/gcc/arm-none-eabi/12.2.1/thumb/v7e-m+fp/hard\libc_nano.a(libc_a-findfp.o) (__sread)
c:/program files/arm-gnu-toolchain-12.2.mpacbti-rel1-mingw-w64-i686-arm-none-eabi/bin/../lib/gcc/arm-none-eabi/12.2.1/thumb/v7e-m+fp/hard\libc_nano.a(libc_a-memset.o)
                              c:/program files/arm-gnu-toolchain-12.2.mpacbti-rel1-mingw-w64-i686-arm-none-eabi/bin/../lib/gcc/arm-none-eabi/12.2.1/thumb/v7e-m+fp/hard/crt0.o (memset)
c:/program files/arm-gnu-toolchain-12.2.mpacbti-rel1-mingw-w64-i686-arm-none-eabi/bin/../lib/gcc/arm-none-eabi/12.2.1/thumb/v7e-m+fp/hard\libc_nano.a(libc_a-closer.o)
                              c:/program files/arm-gnu-toolchain-12.2.mpacbti-rel1-mingw-w64-i686-arm-none-eabi/bin/../lib/gcc/arm-none-eabi/12.2.1/thumb/v7e-m+fp/hard\libc_nano.a(libc_a-stdio.o) (_close_r)
c:/program files/arm-gnu-toolchain-12.2.mpacbti-rel1-mingw-w64-i686-arm-none-eabi/bin/../lib/gcc/arm-none-eabi/12.2.1/thumb/v7e-m+fp/hard\libc_nano.a(libc_a-reent.o)
                              c:/program files/arm-gnu-toolchain-12.2.mpacbti-rel1-mingw-w64-i686-arm-none-eabi/bin/../lib/gcc/arm-none-eabi/12.2.1/thumb/v7e-m+fp/hard\libc_nano.a(libc_a-closer.o) (errno)
c:/program files/arm-gnu-toolchain-12.2.mpacbti-rel1-mingw-w64-i686-arm-none-eabi/bin/../lib/gcc/arm-none-eabi/12.2.1/thumb/v7e-m+fp/hard\libc_nano.a(libc_a-impure.o)
                              c:/program files/arm-gnu-toolchain-12.2.mpacbti-rel1-mingw-w64-i686-arm-none-eabi/bin/../lib/gcc/arm-none-eabi/12.2.1/thumb/v7e-m+fp/hard\libc_nano.a(libc_a-reent.o) (_impure_ptr)
c:/program files/arm-gnu-toolchain-12.2.mpacbti-rel1-mingw-w64-i686-arm-none-eabi/bin/../lib/gcc/arm-none-eabi/12.2.1/thumb/v7e-m+fp/hard\libc_nano.a(libc_a-lseekr.o)
                              c:/program files/arm-gnu-toolchain-12.2.mpacbti-rel1-mingw-w64-i686-arm-none-eabi/bin/../lib/gcc/arm-none-eabi/12.2.1/thumb/v7e-m+fp/hard\libc_nano.a(libc_a-stdio.o) (_lseek_r)
c:/program files/arm-gnu-toolchain-12.2.mpacbti-rel1-mingw-w64-i686-arm-none-eabi/bin/../lib/gcc/arm-none-eabi/12.2.1/thumb/v7e-m+fp/hard\libc_nano.a(libc_a-readr.o)
                              c:/program files/arm-gnu-toolchain-12.2.mpacbti-rel1-mingw-w64-i686-arm-none-eabi/bin/../lib/gcc/arm-none-eabi/12.2.1/thumb/v7e-m+fp/hard\libc_nano.a(libc_a-stdio.o) (_read_r)
c:/program files/arm-gnu-toolchain-12.2.mpacbti-rel1-mingw-w64-i686-arm-none-eabi/bin/../lib/gcc/arm-none-eabi/12.2.1/thumb/v7e-m+fp/hard\libc_nano.a(libc_a-writer.o)
                              c:/program files/arm-gnu-toolchain-12.2.mpacbti-rel1-mingw-w64-i686-arm-none-eabi/bin/../lib/gcc/arm-none-eabi/12.2.1/thumb/v7e-m+fp/hard\libc_nano.a(libc_a-stdio.o) (_write_r)
c:/program files/arm-gnu-toolchain-12.2.mpacbti-rel1-mingw-w64-i686-arm-none-eabi/bin/../lib/gcc/arm-none-eabi/12.2.1/thumb/v7e-m+fp/hard\libc_nano.a(libc_a-init.o)
                              c:/program files/arm-gnu-toolchain-12.2.mpacbti-rel1-mingw-w64-i686-arm-none-eabi/bin/../lib/gcc/arm-none-eabi/12.2.1/thumb/v7e-m+fp/hard/crt0.o (__libc_init_array)
c:/program files/arm-gnu-toolchain-12.2.mpacbti-rel1-mingw-w64-i686-arm-none-eabi/bin/../lib/gcc/arm-none-eabi/12.2.1/thumb/v7e-m+fp/hard\libc_nano.a(libc_a-lock.o)
                              c:/program files/arm-gnu-toolchain-12.2.mpacbti-rel1-mingw-w64-i686-arm-none-eabi/bin/../lib/gcc/arm-none-eabi/12.2.1/thumb/v7e-m+fp/hard\libc_nano.a(libc_a-findfp.o) (__retarget_lock_init_recursive)
[...]
Memory Configuration

Name             Origin             Length             Attributes
RAM              0x20000000         0x00020000         xrw
FLASH            0x08000000         0x00080000         xr
*default*        0x00000000         0xffffffff

Linker script and memory map

LOAD c:/program files/arm-gnu-toolchain-12.2.mpacbti-rel1-mingw-w64-i686-arm-none-eabi/bin/../lib/gcc/arm-none-eabi/12.2.1/thumb/v7e-m+fp/hard/crti.o
LOAD c:/program files/arm-gnu-toolchain-12.2.mpacbti-rel1-mingw-w64-i686-arm-none-eabi/bin/../lib/gcc/arm-none-eabi/12.2.1/thumb/v7e-m+fp/hard/crtbegin.o
LOAD c:/program files/arm-gnu-toolchain-12.2.mpacbti-rel1-mingw-w64-i686-arm-none-eabi/bin/../lib/gcc/arm-none-eabi/12.2.1/thumb/v7e-m+fp/hard/crt0.o
LOAD build/main.o
LOAD build/gpio.o
LOAD build/adc.o
LOAD build/freertos.o
LOAD build/tim.o
LOAD build/usart.o
LOAD build/stm32f4xx_it.o
LOAD build/stm32f4xx_hal_msp.o
LOAD build/stm32f4xx_hal_timebase_tim.o
LOAD build/stm32f4xx_hal_adc.o
LOAD build/stm32f4xx_hal_adc_ex.o
LOAD build/stm32f4xx_ll_adc.o
LOAD build/stm32f4xx_hal_rcc.o
LOAD build/stm32f4xx_hal_rcc_ex.o
LOAD build/stm32f4xx_hal_flash.o
LOAD build/stm32f4xx_hal_flash_ex.o
LOAD build/stm32f4xx_hal_flash_ramfunc.o
LOAD build/stm32f4xx_hal_gpio.o
LOAD build/stm32f4xx_hal_dma_ex.o
LOAD build/stm32f4xx_hal_dma.o
LOAD build/stm32f4xx_hal_pwr.o
LOAD build/stm32f4xx_hal_pwr_ex.o
LOAD build/stm32f4xx_hal_cortex.o
LOAD build/stm32f4xx_hal.o
LOAD build/stm32f4xx_hal_exti.o
LOAD build/stm32f4xx_hal_tim.o
LOAD build/stm32f4xx_hal_tim_ex.o
LOAD build/stm32f4xx_hal_uart.o
LOAD build/system_stm32f4xx.o
LOAD build/croutine.o
LOAD build/event_groups.o
LOAD build/list.o
LOAD build/queue.o
LOAD build/stream_buffer.o
LOAD build/tasks.o
LOAD build/timers.o
LOAD build/cmsis_os.o
LOAD build/heap_4.o
LOAD build/port.o
LOAD build/startup_stm32f411xe.o
LOAD c:/program files/arm-gnu-toolchain-12.2.mpacbti-rel1-mingw-w64-i686-arm-none-eabi/bin/../lib/gcc/arm-none-eabi/12.2.1/thumb/v7e-m+fp/hard\libc_nano.a
LOAD c:/program files/arm-gnu-toolchain-12.2.mpacbti-rel1-mingw-w64-i686-arm-none-eabi/bin/../lib/gcc/arm-none-eabi/12.2.1/thumb/v7e-m+fp/hard\libm.a
LOAD c:/program files/arm-gnu-toolchain-12.2.mpacbti-rel1-mingw-w64-i686-arm-none-eabi/bin/../lib/gcc/arm-none-eabi/12.2.1/thumb/v7e-m+fp/hard\libnosys.a
START GROUP
LOAD c:/program files/arm-gnu-toolchain-12.2.mpacbti-rel1-mingw-w64-i686-arm-none-eabi/bin/../lib/gcc/arm-none-eabi/12.2.1/thumb/v7e-m+fp/hard\libgcc.a
LOAD c:/program files/arm-gnu-toolchain-12.2.mpacbti-rel1-mingw-w64-i686-arm-none-eabi/bin/../lib/gcc/arm-none-eabi/12.2.1/thumb/v7e-m+fp/hard\libc_nano.a
END GROUP
START GROUP
LOAD c:/program files/arm-gnu-toolchain-12.2.mpacbti-rel1-mingw-w64-i686-arm-none-eabi/bin/../lib/gcc/arm-none-eabi/12.2.1/thumb/v7e-m+fp/hard\libgcc.a
LOAD c:/program files/arm-gnu-toolchain-12.2.mpacbti-rel1-mingw-w64-i686-arm-none-eabi/bin/../lib/gcc/arm-none-eabi/12.2.1/thumb/v7e-m+fp/hard\libc_nano.a
END GROUP
LOAD c:/program files/arm-gnu-toolchain-12.2.mpacbti-rel1-mingw-w64-i686-arm-none-eabi/bin/../lib/gcc/arm-none-eabi/12.2.1/thumb/v7e-m+fp/hard/crtend.o
LOAD c:/program files/arm-gnu-toolchain-12.2.mpacbti-rel1-mingw-w64-i686-arm-none-eabi/bin/../lib/gcc/arm-none-eabi/12.2.1/thumb/v7e-m+fp/hard/crtn.o
                0x20020000                        _estack = (ORIGIN (RAM) + LENGTH (RAM))
                0x00000200                        _Min_Heap_Size = 0x200
                0x00000400                        _Min_Stack_Size = 0x400

.isr_vector     0x08000000      0x198
                0x08000000                        . = ALIGN (0x4)
 *(.isr_vector)
 .isr_vector    0x08000000      0x198 build/startup_stm32f411xe.o
                0x08000000                g_pfnVectors
                0x08000198                        . = ALIGN (0x4)

.text           0x080001a0     0x395c
                0x080001a0                        . = ALIGN (0x4)
 *(.text)
 .text          0x080001a0       0x30 c:/program files/arm-gnu-toolchain-12.2.mpacbti-rel1-mingw-w64-i686-arm-none-eabi/bin/../lib/gcc/arm-none-eabi/12.2.1/thumb/v7e-m+fp/hard\libgcc.a(_aeabi_uldivmod.o)
                0x080001a0                __aeabi_uldivmod
 .text          0x080001d0        0x4 c:/program files/arm-gnu-toolchain-12.2.mpacbti-rel1-mingw-w64-i686-arm-none-eabi/bin/../lib/gcc/arm-none-eabi/12.2.1/thumb/v7e-m+fp/hard\libgcc.a(_dvmd_tls.o)
                0x080001d0                __aeabi_idiv0
                0x080001d0                __aeabi_ldiv0
 *(.text*)
 .text.deregister_tm_clones
                0x080001d4       0x1c c:/program files/arm-gnu-toolchain-12.2.mpacbti-rel1-mingw-w64-i686-arm-none-eabi/bin/../lib/gcc/arm-none-eabi/12.2.1/thumb/v7e-m+fp/hard/crtbegin.o
 .text.register_tm_clones
                0x080001f0       0x24 c:/program files/arm-gnu-toolchain-12.2.mpacbti-rel1-mingw-w64-i686-arm-none-eabi/bin/../lib/gcc/arm-none-eabi/12.2.1/thumb/v7e-m+fp/hard/crtbegin.o
 .text.__do_global_dtors_aux
                0x08000214       0x28 c:/program files/arm-gnu-toolchain-12.2.mpacbti-rel1-mingw-w64-i686-arm-none-eabi/bin/../lib/gcc/arm-none-eabi/12.2.1/thumb/v7e-m+fp/hard/crtbegin.o
 .text.frame_dummy
                0x0800023c       0x24 c:/program files/arm-gnu-toolchain-12.2.mpacbti-rel1-mingw-w64-i686-arm-none-eabi/bin/../lib/gcc/arm-none-eabi/12.2.1/thumb/v7e-m+fp/hard/crtbegin.o
 .text.HAL_TIM_PeriodElapsedCallback
                0x08000260       0x18 build/main.o
                0x08000260                HAL_TIM_PeriodElapsedCallback
 .text.Error_Handler
                0x08000278        0x4 build/main.o
                0x08000278                Error_Handler
 .text.SystemClock_Config
                0x0800027c       0x88 build/main.o
                0x0800027c                SystemClock_Config
 .text.main     0x08000304       0x24 build/main.o
                0x08000304                main
 .text.MX_GPIO_Init
                0x08000328       0xf8 build/gpio.o
                0x08000328                MX_GPIO_Init
 .text.MX_ADC1_Init
                0x08000420      0x1c4 build/adc.o
                0x08000420                MX_ADC1_Init
 .text.HAL_ADC_MspInit
                0x080005e4       0xb4 build/adc.o
                0x080005e4                HAL_ADC_MspInit
 .text.StartDefaultTask
                0x08000698       0x24 build/freertos.o
                0x08000698                StartDefaultTask
 .text.vApplicationGetIdleTaskMemory
                0x080006bc       0x18 build/freertos.o
                0x080006bc                vApplicationGetIdleTaskMemory
 .text.MX_FREERTOS_Init
                0x080006d4       0x48 build/freertos.o
                0x080006d4                MX_FREERTOS_Init
 .text.HAL_TIM_PWM_MspInit
                0x0800071c       0x40 build/tim.o
                0x0800071c                HAL_TIM_PWM_MspInit
 .text.HAL_TIM_MspPostInit
                0x0800075c       0x58 build/tim.o
                0x0800075c                HAL_TIM_MspPostInit
 .text.MX_TIM4_Init
                0x080007b4       0x94 build/tim.o
                0x080007b4                MX_TIM4_Init
 .text.MX_USART6_UART_Init
                0x08000848       0x34 build/usart.o
                0x08000848                MX_USART6_UART_Init
 .text.HAL_UART_MspInit
                0x0800087c       0x80 build/usart.o
                0x0800087c                HAL_UART_MspInit
 .text.NMI_Handler
                0x080008fc        0x2 build/stm32f4xx_it.o
                0x080008fc                NMI_Handler
 .text.HardFault_Handler
                0x080008fe        0x2 build/stm32f4xx_it.o
                0x080008fe                HardFault_Handler
 .text.MemManage_Handler
                0x08000900        0x2 build/stm32f4xx_it.o
                0x08000900                MemManage_Handler
 .text.BusFault_Handler
                0x08000902        0x2 build/stm32f4xx_it.o
                0x08000902                BusFault_Handler
 .text.UsageFault_Handler
                0x08000904        0x2 build/stm32f4xx_it.o
                0x08000904                UsageFault_Handler
 .text.DebugMon_Handler
                0x08000906        0x2 build/stm32f4xx_it.o
                0x08000906                DebugMon_Handler
 .text.TIM1_UP_TIM10_IRQHandler
                0x08000908       0x10 build/stm32f4xx_it.o
                0x08000908                TIM1_UP_TIM10_IRQHandler
 .text.TIM4_IRQHandler
                0x08000918       0x10 build/stm32f4xx_it.o
                0x08000918                TIM4_IRQHandler
 .text.USART6_IRQHandler
                0x08000928       0x10 build/stm32f4xx_it.o
                0x08000928                USART6_IRQHandler
 .text.HAL_MspInit
                0x08000938       0x44 build/stm32f4xx_hal_msp.o
                0x08000938                HAL_MspInit
 .text.HAL_InitTick
                0x0800097c       0x94 build/stm32f4xx_hal_timebase_tim.o
                0x0800097c                HAL_InitTick
 .text.ADC_Init
                0x08000a10      0x134 build/stm32f4xx_hal_adc.o
 .text.HAL_ADC_Init
                0x08000b44       0x56 build/stm32f4xx_hal_adc.o
                0x08000b44                HAL_ADC_Init
 *fill*         0x08000b9a        0x2 
 .text.HAL_ADC_ConfigChannel
                0x08000b9c      0x1ac build/stm32f4xx_hal_adc.o
                0x08000b9c                HAL_ADC_ConfigChannel
 .text.HAL_RCC_OscConfig
                0x08000d48      0x3f8 build/stm32f4xx_hal_rcc.o
                0x08000d48                HAL_RCC_OscConfig
 .text.HAL_RCC_GetSysClockFreq
                0x08001140       0xa8 build/stm32f4xx_hal_rcc.o
                0x08001140                HAL_RCC_GetSysClockFreq
 .text.HAL_RCC_ClockConfig
                0x080011e8      0x160 build/stm32f4xx_hal_rcc.o
                0x080011e8                HAL_RCC_ClockConfig
 .text.HAL_RCC_GetHCLKFreq
                0x08001348        0xc build/stm32f4xx_hal_rcc.o
                0x08001348                HAL_RCC_GetHCLKFreq
 .text.HAL_RCC_GetPCLK1Freq
                0x08001354       0x20 build/stm32f4xx_hal_rcc.o
                0x08001354                HAL_RCC_GetPCLK1Freq
 .text.HAL_RCC_GetPCLK2Freq
                0x08001374       0x20 build/stm32f4xx_hal_rcc.o
                0x08001374                HAL_RCC_GetPCLK2Freq
 .text.HAL_RCC_GetClockConfig
                0x08001394       0x3c build/stm32f4xx_hal_rcc.o
                0x08001394                HAL_RCC_GetClockConfig
 .text.HAL_GPIO_Init
                0x080013d0      0x1c8 build/stm32f4xx_hal_gpio.o
                0x080013d0                HAL_GPIO_Init
 .text.HAL_GPIO_WritePin
                0x08001598        0xc build/stm32f4xx_hal_gpio.o
                0x08001598                HAL_GPIO_WritePin
 .text.HAL_DMA_Abort
                0x080015a4       0x94 build/stm32f4xx_hal_dma.o
                0x080015a4                HAL_DMA_Abort
 .text.HAL_DMA_Abort_IT
                0x08001638       0x26 build/stm32f4xx_hal_dma.o
                0x08001638                HAL_DMA_Abort_IT
 *fill*         0x0800165e        0x2 
 .text.__NVIC_SetPriority
                0x08001660       0x28 build/stm32f4xx_hal_cortex.o
 .text.NVIC_EncodePriority
                0x08001688       0x3e build/stm32f4xx_hal_cortex.o
 *fill*         0x080016c6        0x2 
 .text.HAL_NVIC_SetPriorityGrouping
                0x080016c8       0x24 build/stm32f4xx_hal_cortex.o
                0x080016c8                HAL_NVIC_SetPriorityGrouping
 .text.HAL_NVIC_SetPriority
                0x080016ec       0x20 build/stm32f4xx_hal_cortex.o
                0x080016ec                HAL_NVIC_SetPriority
 .text.HAL_NVIC_EnableIRQ
                0x0800170c       0x1c build/stm32f4xx_hal_cortex.o
                0x0800170c                HAL_NVIC_EnableIRQ
 .text.HAL_Init
                0x08001728       0x34 build/stm32f4xx_hal.o
                0x08001728                HAL_Init
 .text.HAL_IncTick
                0x0800175c       0x18 build/stm32f4xx_hal.o
                0x0800175c                HAL_IncTick
 .text.HAL_GetTick
                0x08001774        0xc build/stm32f4xx_hal.o
                0x08001774                HAL_GetTick
 .text.TIM_OC1_SetConfig
                0x08001780       0x54 build/stm32f4xx_hal_tim.o
 .text.TIM_OC3_SetConfig
                0x080017d4       0x5c build/stm32f4xx_hal_tim.o
 .text.TIM_OC4_SetConfig
                0x08001830       0x48 build/stm32f4xx_hal_tim.o
 .text.HAL_TIM_Base_MspInit
                0x08001878        0x2 build/stm32f4xx_hal_tim.o
                0x08001878                HAL_TIM_Base_MspInit
 *fill*         0x0800187a        0x2 
 .text.HAL_TIM_Base_Start_IT
                0x0800187c       0x78 build/stm32f4xx_hal_tim.o
                0x0800187c                HAL_TIM_Base_Start_IT
 .text.HAL_TIM_OC_DelayElapsedCallback
                0x080018f4        0x2 build/stm32f4xx_hal_tim.o
                0x080018f4                HAL_TIM_OC_DelayElapsedCallback
 .text.HAL_TIM_IC_CaptureCallback
                0x080018f6        0x2 build/stm32f4xx_hal_tim.o
                0x080018f6                HAL_TIM_IC_CaptureCallback
 .text.HAL_TIM_PWM_PulseFinishedCallback
                0x080018f8        0x2 build/stm32f4xx_hal_tim.o
                0x080018f8                HAL_TIM_PWM_PulseFinishedCallback
 .text.HAL_TIM_TriggerCallback
                0x080018fa        0x2 build/stm32f4xx_hal_tim.o
                0x080018fa                HAL_TIM_TriggerCallback
 .text.HAL_TIM_IRQHandler
                0x080018fc      0x17a build/stm32f4xx_hal_tim.o
                0x080018fc                HAL_TIM_IRQHandler
 *fill*         0x08001a76        0x2 
 .text.TIM_Base_SetConfig
                0x08001a78       0x9c build/stm32f4xx_hal_tim.o
                0x08001a78                TIM_Base_SetConfig
 .text.HAL_TIM_Base_Init
                0x08001b14       0x58 build/stm32f4xx_hal_tim.o
                0x08001b14                HAL_TIM_Base_Init
 .text.HAL_TIM_PWM_Init
                0x08001b6c       0x58 build/stm32f4xx_hal_tim.o
                0x08001b6c                HAL_TIM_PWM_Init
 .text.TIM_OC2_SetConfig
                0x08001bc4       0x5c build/stm32f4xx_hal_tim.o
                0x08001bc4                TIM_OC2_SetConfig
 .text.HAL_TIM_PWM_ConfigChannel
                0x08001c20       0xdc build/stm32f4xx_hal_tim.o
                0x08001c20                HAL_TIM_PWM_ConfigChannel
 .text.HAL_TIMEx_MasterConfigSynchronization
                0x08001cfc       0x7c build/stm32f4xx_hal_tim_ex.o
                0x08001cfc                HAL_TIMEx_MasterConfigSynchronization
 .text.HAL_TIMEx_CommutCallback
                0x08001d78        0x2 build/stm32f4xx_hal_tim_ex.o
                0x08001d78                HAL_TIMEx_CommutCallback
 .text.HAL_TIMEx_BreakCallback
                0x08001d7a        0x2 build/stm32f4xx_hal_tim_ex.o
                0x08001d7a                HAL_TIMEx_BreakCallback
 .text.UART_EndRxTransfer
                0x08001d7c       0x5c build/stm32f4xx_hal_uart.o
 .text.UART_Transmit_IT
                0x08001dd8       0x60 build/stm32f4xx_hal_uart.o
 .text.UART_SetConfig
                0x08001e38      0x110 build/stm32f4xx_hal_uart.o
 .text.HAL_UART_Init
                0x08001f48       0x5e build/stm32f4xx_hal_uart.o
                0x08001f48                HAL_UART_Init
 .text.HAL_UART_TxCpltCallback
                0x08001fa6        0x2 build/stm32f4xx_hal_uart.o
                0x08001fa6                HAL_UART_TxCpltCallback
 .text.UART_EndTransmit_IT
                0x08001fa8       0x1a build/stm32f4xx_hal_uart.o
 .text.HAL_UART_RxCpltCallback
                0x08001fc2        0x2 build/stm32f4xx_hal_uart.o
                0x08001fc2                HAL_UART_RxCpltCallback
 .text.HAL_UART_ErrorCallback
                0x08001fc4        0x2 build/stm32f4xx_hal_uart.o
                0x08001fc4                HAL_UART_ErrorCallback
 .text.UART_DMAAbortOnError
                0x08001fc6       0x10 build/stm32f4xx_hal_uart.o
 .text.HAL_UARTEx_RxEventCallback
                0x08001fd6        0x2 build/stm32f4xx_hal_uart.o
                0x08001fd6                HAL_UARTEx_RxEventCallback
 .text.UART_Receive_IT
                0x08001fd8       0xe2 build/stm32f4xx_hal_uart.o
 *fill*         0x080020ba        0x2 
 .text.HAL_UART_IRQHandler
                0x080020bc      0x27c build/stm32f4xx_hal_uart.o
                0x080020bc                HAL_UART_IRQHandler
 .text.SystemInit
                0x08002338       0x14 build/system_stm32f4xx.o
                0x08002338                SystemInit
 .text.vListInitialise
                0x0800234c       0x16 build/list.o
                0x0800234c                vListInitialise
 .text.vListInitialiseItem
                0x08002362        0x6 build/list.o
                0x08002362                vListInitialiseItem
 .text.vListInsertEnd
                0x08002368       0x16 build/list.o
                0x08002368                vListInsertEnd
 .text.vListInsert
                0x0800237e       0x32 build/list.o
                0x0800237e                vListInsert
 .text.uxListRemove
                0x080023b0       0x26 build/list.o
                0x080023b0                uxListRemove
 .text.prvIsQueueFull
                0x080023d6       0x1e build/queue.o
 .text.prvCopyDataToQueue
                0x080023f4       0x76 build/queue.o
 .text.prvUnlockQueue
                0x0800246a       0x6e build/queue.o
 .text.xQueueGenericReset
                0x080024d8       0x84 build/queue.o
                0x080024d8                xQueueGenericReset
 .text.prvInitialiseNewQueue
                0x0800255c       0x1c build/queue.o
 .text.xQueueGenericCreateStatic
                0x08002578       0x94 build/queue.o
                0x08002578                xQueueGenericCreateStatic
 .text.xQueueGenericCreate
                0x0800260c       0x48 build/queue.o
                0x0800260c                xQueueGenericCreate
 .text.xQueueGenericSend
                0x08002654      0x188 build/queue.o
                0x08002654                xQueueGenericSend
 .text.prvResetNextTaskUnblockTime
                0x080027dc       0x2c build/tasks.o
 .text.prvInitialiseNewTask
                0x08002808       0x9c build/tasks.o
 .text.prvInitialiseTaskLists
                0x080028a4       0x68 build/tasks.o
 .text.prvAddNewTaskToReadyList
                0x0800290c       0xa8 build/tasks.o
 .text.prvDeleteTCB
                0x080029b4       0x38 build/tasks.o
 .text.prvCheckTasksWaitingTermination
                0x080029ec       0x4c build/tasks.o
 .text.prvIdleTask
                0x08002a38       0x28 build/tasks.o
 .text.prvAddCurrentTaskToDelayedList
                0x08002a60       0x98 build/tasks.o
 .text.xTaskCreateStatic
                0x08002af8       0x76 build/tasks.o
                0x08002af8                xTaskCreateStatic
 .text.xTaskCreate
                0x08002b6e       0x64 build/tasks.o
                0x08002b6e                xTaskCreate
 *fill*         0x08002bd2        0x2 
 .text.vTaskStartScheduler
                0x08002bd4       0x74 build/tasks.o
                0x08002bd4                vTaskStartScheduler
 .text.vTaskSuspendAll
                0x08002c48       0x10 build/tasks.o
                0x08002c48                vTaskSuspendAll
 .text.xTaskIncrementTick
                0x08002c58      0x118 build/tasks.o
                0x08002c58                xTaskIncrementTick
 .text.xTaskResumeAll
                0x08002d70       0xf8 build/tasks.o
                0x08002d70                xTaskResumeAll
 .text.vTaskSwitchContext
                0x08002e68       0x98 build/tasks.o
                0x08002e68                vTaskSwitchContext
 .text.vTaskPlaceOnEventList
                0x08002f00       0x30 build/tasks.o
                0x08002f00                vTaskPlaceOnEventList
 .text.xTaskRemoveFromEventList
                0x08002f30       0x8c build/tasks.o
                0x08002f30                xTaskRemoveFromEventList
 .text.vTaskInternalSetTimeOutState
                0x08002fbc       0x18 build/tasks.o
                0x08002fbc                vTaskInternalSetTimeOutState
 .text.xTaskCheckForTimeOut
                0x08002fd4       0x84 build/tasks.o
                0x08002fd4                xTaskCheckForTimeOut
 .text.vTaskMissedYield
                0x08003058        0xc build/tasks.o
                0x08003058                vTaskMissedYield
 .text.xTaskGetSchedulerState
                0x08003064       0x20 build/tasks.o
                0x08003064                xTaskGetSchedulerState
 .text.xTaskPriorityDisinherit
                0x08003084       0xb0 build/tasks.o
                0x08003084                xTaskPriorityDisinherit
 .text.makeFreeRtosPriority
                0x08003134        0xc build/cmsis_os.o
 .text.osKernelStart
                0x08003140        0xa build/cmsis_os.o
                0x08003140                osKernelStart
 .text.osThreadCreate
                0x0800314a       0x66 build/cmsis_os.o
                0x0800314a                osThreadCreate
 .text.osSemaphoreCreate
                0x080031b0       0x48 build/cmsis_os.o
                0x080031b0                osSemaphoreCreate
 .text.prvHeapInit
                0x080031f8       0x64 build/heap_4.o
 .text.prvInsertBlockIntoFreeList
                0x0800325c       0x64 build/heap_4.o
 .text.pvPortMalloc
                0x080032c0      0x104 build/heap_4.o
                0x080032c0                pvPortMalloc
 .text.vPortFree
                0x080033c4       0x7c build/heap_4.o
                0x080033c4                vPortFree
 .text.prvTaskExitError
                0x08003440       0x40 build/port.o
 .text.prvPortStartFirstTask
                0x08003480       0x28 build/port.o
 .text.vPortEnableVFP
                0x080034a8       0x14 build/port.o
 .text.pxPortInitialiseStack
                0x080034bc       0x2c build/port.o
                0x080034bc                pxPortInitialiseStack
 *fill*         0x080034e8        0x8 
 .text.SVC_Handler
                0x080034f0       0x24 build/port.o
                0x080034f0                SVC_Handler
 .text.vPortEnterCritical
                0x08003514       0x44 build/port.o
                0x08003514                vPortEnterCritical
 .text.vPortExitCritical
                0x08003558       0x2c build/port.o
                0x08003558                vPortExitCritical
 *fill*         0x08003584        0xc 
 .text.PendSV_Handler
                0x08003590       0x64 build/port.o
                0x08003590                PendSV_Handler
 .text.SysTick_Handler
                0x080035f4       0x2c build/port.o
                0x080035f4                SysTick_Handler
 .text.vPortSetupTimerInterrupt
                0x08003620       0x28 build/port.o
                0x08003620                vPortSetupTimerInterrupt
 .text.xPortStartScheduler
                0x08003648      0x118 build/port.o
                0x08003648                xPortStartScheduler
 .text.Reset_Handler
                0x08003760       0x50 build/startup_stm32f411xe.o
                0x08003760                Reset_Handler
 .text.Default_Handler
                0x080037b0        0x2 build/startup_stm32f411xe.o
                0x080037b0                RTC_Alarm_IRQHandler
                0x080037b0                EXTI2_IRQHandler
                0x080037b0                SPI4_IRQHandler
                0x080037b0                TIM1_CC_IRQHandler
                0x080037b0                DMA2_Stream5_IRQHandler
                0x080037b0                DMA1_Stream5_IRQHandler
                0x080037b0                PVD_IRQHandler
                0x080037b0                SDIO_IRQHandler
                0x080037b0                TAMP_STAMP_IRQHandler
                0x080037b0                EXTI3_IRQHandler
                0x080037b0                I2C3_ER_IRQHandler
                0x080037b0                EXTI0_IRQHandler
                0x080037b0                I2C2_EV_IRQHandler
                0x080037b0                DMA1_Stream2_IRQHandler
                0x080037b0                FPU_IRQHandler
                0x080037b0                DMA2_Stream2_IRQHandler
                0x080037b0                SPI1_IRQHandler
                0x080037b0                TIM1_BRK_TIM9_IRQHandler
                0x080037b0                DMA2_Stream3_IRQHandler
                0x080037b0                DMA2_Stream0_IRQHandler
                0x080037b0                I2C1_EV_IRQHandler
                0x080037b0                DMA1_Stream6_IRQHandler
                0x080037b0                DMA1_Stream1_IRQHandler
                0x080037b0                TIM3_IRQHandler
                0x080037b0                RCC_IRQHandler
                0x080037b0                Default_Handler
                0x080037b0                EXTI15_10_IRQHandler
                0x080037b0                ADC_IRQHandler
                0x080037b0                DMA1_Stream7_IRQHandler
                0x080037b0                SPI5_IRQHandler
                0x080037b0                TIM5_IRQHandler
                0x080037b0                DMA2_Stream7_IRQHandler
                0x080037b0                I2C3_EV_IRQHandler
                0x080037b0                EXTI9_5_IRQHandler
                0x080037b0                RTC_WKUP_IRQHandler
                0x080037b0                SPI2_IRQHandler
                0x080037b0                DMA1_Stream0_IRQHandler
                0x080037b0                EXTI4_IRQHandler
                0x080037b0                WWDG_IRQHandler
                0x080037b0                TIM2_IRQHandler
                0x080037b0                OTG_FS_WKUP_IRQHandler
                0x080037b0                TIM1_TRG_COM_TIM11_IRQHandler
                0x080037b0                EXTI1_IRQHandler
                0x080037b0                USART2_IRQHandler
                0x080037b0                I2C2_ER_IRQHandler
                0x080037b0                DMA2_Stream1_IRQHandler
                0x080037b0                FLASH_IRQHandler
                0x080037b0                DMA2_Stream4_IRQHandler
                0x080037b0                USART1_IRQHandler
                0x080037b0                OTG_FS_IRQHandler
                0x080037b0                SPI3_IRQHandler
                0x080037b0                DMA1_Stream4_IRQHandler
                0x080037b0                I2C1_ER_IRQHandler
                0x080037b0                DMA2_Stream6_IRQHandler
                0x080037b0                DMA1_Stream3_IRQHandler
 .text.memset   0x080037b2       0x10 c:/program files/arm-gnu-toolchain-12.2.mpacbti-rel1-mingw-w64-i686-arm-none-eabi/bin/../lib/gcc/arm-none-eabi/12.2.1/thumb/v7e-m+fp/hard\libc_nano.a(libc_a-memset.o)
                0x080037b2                memset
 *fill*         0x080037c2        0x2 
 .text.__libc_init_array
                0x080037c4       0x48 c:/program files/arm-gnu-toolchain-12.2.mpacbti-rel1-mingw-w64-i686-arm-none-eabi/bin/../lib/gcc/arm-none-eabi/12.2.1/thumb/v7e-m+fp/hard\libc_nano.a(libc_a-init.o)
                0x080037c4                __libc_init_array
 .text.memcpy   0x0800380c       0x1c c:/program files/arm-gnu-toolchain-12.2.mpacbti-rel1-mingw-w64-i686-arm-none-eabi/bin/../lib/gcc/arm-none-eabi/12.2.1/thumb/v7e-m+fp/hard\libc_nano.a(libc_a-memcpy-stub.o)
                0x0800380c                memcpy
 .text.__udivmoddi4
                0x08003828      0x2bc c:/program files/arm-gnu-toolchain-12.2.mpacbti-rel1-mingw-w64-i686-arm-none-eabi/bin/../lib/gcc/arm-none-eabi/12.2.1/thumb/v7e-m+fp/hard\libgcc.a(_udivmoddi4.o)
                0x08003828                __udivmoddi4
 *(.glue_7)
 .glue_7        0x08003ae4        0x0 linker stubs
 *(.glue_7t)
 .glue_7t       0x08003ae4        0x0 linker stubs
 *(.eh_frame)
 .eh_frame      0x08003ae4        0x0 c:/program files/arm-gnu-toolchain-12.2.mpacbti-rel1-mingw-w64-i686-arm-none-eabi/bin/../lib/gcc/arm-none-eabi/12.2.1/thumb/v7e-m+fp/hard/crtbegin.o
 *(.init)
 .init          0x08003ae4        0x4 c:/program files/arm-gnu-toolchain-12.2.mpacbti-rel1-mingw-w64-i686-arm-none-eabi/bin/../lib/gcc/arm-none-eabi/12.2.1/thumb/v7e-m+fp/hard/crti.o
                0x08003ae4                _init
 .init          0x08003ae8        0x8 c:/program files/arm-gnu-toolchain-12.2.mpacbti-rel1-mingw-w64-i686-arm-none-eabi/bin/../lib/gcc/arm-none-eabi/12.2.1/thumb/v7e-m+fp/hard/crtn.o
 *(.fini)
 .fini          0x08003af0        0x4 c:/program files/arm-gnu-toolchain-12.2.mpacbti-rel1-mingw-w64-i686-arm-none-eabi/bin/../lib/gcc/arm-none-eabi/12.2.1/thumb/v7e-m+fp/hard/crti.o
                0x08003af0                _fini
 .fini          0x08003af4        0x8 c:/program files/arm-gnu-toolchain-12.2.mpacbti-rel1-mingw-w64-i686-arm-none-eabi/bin/../lib/gcc/arm-none-eabi/12.2.1/thumb/v7e-m+fp/hard/crtn.o
                0x08003afc                        . = ALIGN (0x4)
                0x08003afc                        _etext = .

.vfp11_veneer   0x08003afc        0x0
 .vfp11_veneer  0x08003afc        0x0 linker stubs

.v4_bx          0x08003afc        0x0
 .v4_bx         0x08003afc        0x0 linker stubs

.iplt           0x08003afc        0x0
 .iplt          0x08003afc        0x0 c:/program files/arm-gnu-toolchain-12.2.mpacbti-rel1-mingw-w64-i686-arm-none-eabi/bin/../lib/gcc/arm-none-eabi/12.2.1/thumb/v7e-m+fp/hard/crtbegin.o

.rodata         0x08003afc       0x48
                0x08003afc                        . = ALIGN (0x4)
 *(.rodata)
 .rodata        0x08003afc       0x1c build/freertos.o
 *(.rodata*)
 .rodata.str1.4
                0x08003b18        0xc build/freertos.o
 .rodata.APBPrescTable
                0x08003b24        0x8 build/system_stm32f4xx.o
                0x08003b24                APBPrescTable
 .rodata.AHBPrescTable
                0x08003b2c       0x10 build/system_stm32f4xx.o
                0x08003b2c                AHBPrescTable
 .rodata.vTaskStartScheduler.str1.4
                0x08003b3c        0x5 build/tasks.o
                0x08003b44                        . = ALIGN (0x4)
 *fill*         0x08003b41        0x3 

.ARM.extab
 *(.ARM.extab* .gnu.linkonce.armextab.*)

.ARM            0x08003b44        0x8
                0x08003b44                        __exidx_start = .
 *(.ARM.exidx*)
 .ARM.exidx.text.__udivmoddi4
                0x08003b44        0x8 c:/program files/arm-gnu-toolchain-12.2.mpacbti-rel1-mingw-w64-i686-arm-none-eabi/bin/../lib/gcc/arm-none-eabi/12.2.1/thumb/v7e-m+fp/hard\libgcc.a(_udivmoddi4.o)
                0x08003b4c                        __exidx_end = .

.rel.dyn        0x08003b4c        0x0
 .rel.iplt      0x08003b4c        0x0 c:/program files/arm-gnu-toolchain-12.2.mpacbti-rel1-mingw-w64-i686-arm-none-eabi/bin/../lib/gcc/arm-none-eabi/12.2.1/thumb/v7e-m+fp/hard/crtbegin.o

.preinit_array  0x08003b4c        0x0
                0x08003b4c                        PROVIDE (__preinit_array_start = .)
 *(.preinit_array*)
                0x08003b4c                        PROVIDE (__preinit_array_end = .)

.init_array     0x08003b4c        0x4
                0x08003b4c                        PROVIDE (__init_array_start = .)
 *(SORT_BY_NAME(.init_array.*))
 *(.init_array*)
 .init_array    0x08003b4c        0x4 c:/program files/arm-gnu-toolchain-12.2.mpacbti-rel1-mingw-w64-i686-arm-none-eabi/bin/../lib/gcc/arm-none-eabi/12.2.1/thumb/v7e-m+fp/hard/crtbegin.o
                0x08003b50                        PROVIDE (__init_array_end = .)

.fini_array     0x08003b50        0x4
                [!provide]                        PROVIDE (__fini_array_start = .)
 *(SORT_BY_NAME(.fini_array.*))
 *(.fini_array*)
 .fini_array    0x08003b50        0x4 c:/program files/arm-gnu-toolchain-12.2.mpacbti-rel1-mingw-w64-i686-arm-none-eabi/bin/../lib/gcc/arm-none-eabi/12.2.1/thumb/v7e-m+fp/hard/crtbegin.o
                [!provide]                        PROVIDE (__fini_array_end = .)
                0x08003b54                        _sidata = LOADADDR (.data)

.data           0x20000000       0x10 load address 0x08003b54
                0x20000000                        . = ALIGN (0x4)
                0x20000000                        _sdata = .
 *(.data)
 *(.data*)
 .data.uwTickFreq
                0x20000000        0x1 build/stm32f4xx_hal.o
                0x20000000                uwTickFreq
 *fill*         0x20000001        0x3 
 .data.uwTickPrio
                0x20000004        0x4 build/stm32f4xx_hal.o
                0x20000004                uwTickPrio
 .data.SystemCoreClock
                0x20000008        0x4 build/system_stm32f4xx.o
                0x20000008                SystemCoreClock
 .data.uxCriticalNesting
                0x2000000c        0x4 build/port.o
                0x20000010                        . = ALIGN (0x4)
                0x20000010                        _edata = .

.tm_clone_table
                0x20000010        0x0 load address 0x08003b64
 .tm_clone_table
                0x20000010        0x0 c:/program files/arm-gnu-toolchain-12.2.mpacbti-rel1-mingw-w64-i686-arm-none-eabi/bin/../lib/gcc/arm-none-eabi/12.2.1/thumb/v7e-m+fp/hard/crtbegin.o
 .tm_clone_table
                0x20000010        0x0 c:/program files/arm-gnu-toolchain-12.2.mpacbti-rel1-mingw-w64-i686-arm-none-eabi/bin/../lib/gcc/arm-none-eabi/12.2.1/thumb/v7e-m+fp/hard/crtend.o

.igot.plt       0x20000010        0x0 load address 0x08003b64
 .igot.plt      0x20000010        0x0 c:/program files/arm-gnu-toolchain-12.2.mpacbti-rel1-mingw-w64-i686-arm-none-eabi/bin/../lib/gcc/arm-none-eabi/12.2.1/thumb/v7e-m+fp/hard/crtbegin.o
                0x20000010                        . = ALIGN (0x4)

.bss            0x20000010     0x40ec load address 0x08003b64
                0x20000010                        _sbss = .
                0x20000010                        __bss_start__ = _sbss
 *(.bss)
 *(.bss*)
 .bss.completed.1
                0x20000010        0x1 c:/program files/arm-gnu-toolchain-12.2.mpacbti-rel1-mingw-w64-i686-arm-none-eabi/bin/../lib/gcc/arm-none-eabi/12.2.1/thumb/v7e-m+fp/hard/crtbegin.o
 *fill*         0x20000011        0x3 
 .bss.object.0  0x20000014       0x18 c:/program files/arm-gnu-toolchain-12.2.mpacbti-rel1-mingw-w64-i686-arm-none-eabi/bin/../lib/gcc/arm-none-eabi/12.2.1/thumb/v7e-m+fp/hard/crtbegin.o
 .bss.hadc1     0x2000002c       0x48 build/adc.o
                0x2000002c                hadc1
 .bss.xIdleStack
                0x20000074      0x200 build/freertos.o
 .bss.xIdleTaskTCBBuffer
                0x20000274       0x54 build/freertos.o
 .bss.CommSemaphoreHandle
                0x200002c8        0x4 build/freertos.o
                0x200002c8                CommSemaphoreHandle
 .bss.defaultTaskHandle
                0x200002cc        0x4 build/freertos.o
                0x200002cc                defaultTaskHandle
 .bss.htim4     0x200002d0       0x48 build/tim.o
                0x200002d0                htim4
 .bss.huart6    0x20000318       0x44 build/usart.o
                0x20000318                huart6
 .bss.htim10    0x2000035c       0x48 build/stm32f4xx_hal_timebase_tim.o
                0x2000035c                htim10
 .bss.uwTick    0x200003a4        0x4 build/stm32f4xx_hal.o
                0x200003a4                uwTick
 .bss.uxSchedulerSuspended
                0x200003a8        0x4 build/tasks.o
 .bss.xIdleTaskHandle
                0x200003ac        0x4 build/tasks.o
 .bss.xNextTaskUnblockTime
                0x200003b0        0x4 build/tasks.o
 .bss.uxTaskNumber
                0x200003b4        0x4 build/tasks.o
 .bss.xNumOfOverflows
                0x200003b8        0x4 build/tasks.o
 .bss.xYieldPending
                0x200003bc        0x4 build/tasks.o
 .bss.xPendedTicks
                0x200003c0        0x4 build/tasks.o
 .bss.xSchedulerRunning
                0x200003c4        0x4 build/tasks.o
 .bss.uxTopReadyPriority
                0x200003c8        0x4 build/tasks.o
 .bss.xTickCount
                0x200003cc        0x4 build/tasks.o
 .bss.uxCurrentNumberOfTasks
                0x200003d0        0x4 build/tasks.o
 .bss.xSuspendedTaskList
                0x200003d4       0x14 build/tasks.o
 .bss.uxDeletedTasksWaitingCleanUp
                0x200003e8        0x4 build/tasks.o
 .bss.xTasksWaitingTermination
                0x200003ec       0x14 build/tasks.o
 .bss.xPendingReadyList
                0x20000400       0x14 build/tasks.o
 .bss.pxOverflowDelayedTaskList
                0x20000414        0x4 build/tasks.o
 .bss.pxDelayedTaskList
                0x20000418        0x4 build/tasks.o
 .bss.xDelayedTaskList2
                0x2000041c       0x14 build/tasks.o
 .bss.xDelayedTaskList1
                0x20000430       0x14 build/tasks.o
 .bss.pxReadyTasksLists
                0x20000444       0x8c build/tasks.o
 .bss.pxCurrentTCB
                0x200004d0        0x4 build/tasks.o
                0x200004d0                pxCurrentTCB
 .bss.xBlockAllocatedBit
                0x200004d4        0x4 build/heap_4.o
 .bss.xNumberOfSuccessfulFrees
                0x200004d8        0x4 build/heap_4.o
 .bss.xNumberOfSuccessfulAllocations
                0x200004dc        0x4 build/heap_4.o
 .bss.xMinimumEverFreeBytesRemaining
                0x200004e0        0x4 build/heap_4.o
 .bss.xFreeBytesRemaining
                0x200004e4        0x4 build/heap_4.o
 .bss.pxEnd     0x200004e8        0x4 build/heap_4.o
 .bss.xStart    0x200004ec        0x8 build/heap_4.o
 .bss.ucHeap    0x200004f4     0x3c00 build/heap_4.o
 .bss.ulMaxPRIGROUPValue
                0x200040f4        0x4 build/port.o
 .bss.ucMaxSysCallPriority
                0x200040f8        0x1 build/port.o
 *(COMMON)
                0x200040fc                        . = ALIGN (0x4)
 *fill*         0x200040f9        0x3 
                0x200040fc                        _ebss = .
                0x200040fc                        __bss_end__ = _ebss

._user_heap_stack
                0x200040fc      0x604 load address 0x08003b64
                0x20004100                        . = ALIGN (0x8)
 *fill*         0x200040fc        0x4 
                0x20004100                        PROVIDE (end = .)
                [!provide]                        PROVIDE (_end = .)
                0x20004300                        . = (. + _Min_Heap_Size)
 *fill*         0x20004100      0x200 
                0x20004700                        . = (. + _Min_Stack_Size)
 *fill*         0x20004300      0x400 
                0x20004700                        . = ALIGN (0x8)

/DISCARD/
 libc.a(*)
 libm.a(*)
 libgcc.a(*)

.ARM.attributes
                0x00000000       0x30
 *(.ARM.attributes)
 .ARM.attributes
                0x00000000       0x22 c:/program files/arm-gnu-toolchain-12.2.mpacbti-rel1-mingw-w64-i686-arm-none-eabi/bin/../lib/gcc/arm-none-eabi/12.2.1/thumb/v7e-m+fp/hard/crti.o
 .ARM.attributes
                0x00000022       0x34 c:/program files/arm-gnu-toolchain-12.2.mpacbti-rel1-mingw-w64-i686-arm-none-eabi/bin/../lib/gcc/arm-none-eabi/12.2.1/thumb/v7e-m+fp/hard/crtbegin.o
 .ARM.attributes
                0x00000056       0x34 build/main.o
 .ARM.attributes
                0x0000008a       0x34 build/gpio.o
 .ARM.attributes
                0x000000be       0x34 build/adc.o
 .ARM.attributes
                0x000000f2       0x34 build/freertos.o
 .ARM.attributes
                0x00000126       0x34 build/tim.o
 .ARM.attributes
                0x0000015a       0x34 build/usart.o
 .ARM.attributes
                0x0000018e       0x34 build/stm32f4xx_it.o
 .ARM.attributes
                0x000001c2       0x34 build/stm32f4xx_hal_msp.o
 .ARM.attributes
                0x000001f6       0x34 build/stm32f4xx_hal_timebase_tim.o
 .ARM.attributes
                0x0000022a       0x34 build/stm32f4xx_hal_adc.o
 .ARM.attributes
                0x0000025e       0x34 build/stm32f4xx_hal_rcc.o
 .ARM.attributes
                0x00000292       0x34 build/stm32f4xx_hal_gpio.o
 .ARM.attributes
                0x000002c6       0x34 build/stm32f4xx_hal_dma.o
 .ARM.attributes
                0x000002fa       0x34 build/stm32f4xx_hal_cortex.o
 .ARM.attributes
                0x0000032e       0x34 build/stm32f4xx_hal.o
 .ARM.attributes
                0x00000362       0x34 build/stm32f4xx_hal_tim.o
 .ARM.attributes
                0x00000396       0x34 build/stm32f4xx_hal_tim_ex.o
 .ARM.attributes
                0x000003ca       0x34 build/stm32f4xx_hal_uart.o
 .ARM.attributes
                0x000003fe       0x34 build/system_stm32f4xx.o
 .ARM.attributes
                0x00000432       0x34 build/list.o
 .ARM.attributes
                0x00000466       0x34 build/queue.o
 .ARM.attributes
                0x0000049a       0x34 build/tasks.o
 .ARM.attributes
                0x000004ce       0x34 build/cmsis_os.o
 .ARM.attributes
                0x00000502       0x34 build/heap_4.o
 .ARM.attributes
                0x00000536       0x34 build/port.o
 .ARM.attributes
                0x0000056a       0x21 build/startup_stm32f411xe.o
 .ARM.attributes
                0x0000058b       0x34 c:/program files/arm-gnu-toolchain-12.2.mpacbti-rel1-mingw-w64-i686-arm-none-eabi/bin/../lib/gcc/arm-none-eabi/12.2.1/thumb/v7e-m+fp/hard\libc_nano.a(libc_a-memset.o)
 .ARM.attributes
                0x000005bf       0x34 c:/program files/arm-gnu-toolchain-12.2.mpacbti-rel1-mingw-w64-i686-arm-none-eabi/bin/../lib/gcc/arm-none-eabi/12.2.1/thumb/v7e-m+fp/hard\libc_nano.a(libc_a-init.o)
 .ARM.attributes
                0x000005f3       0x34 c:/program files/arm-gnu-toolchain-12.2.mpacbti-rel1-mingw-w64-i686-arm-none-eabi/bin/../lib/gcc/arm-none-eabi/12.2.1/thumb/v7e-m+fp/hard\libc_nano.a(libc_a-memcpy-stub.o)
 .ARM.attributes
                0x00000627       0x22 c:/program files/arm-gnu-toolchain-12.2.mpacbti-rel1-mingw-w64-i686-arm-none-eabi/bin/../lib/gcc/arm-none-eabi/12.2.1/thumb/v7e-m+fp/hard\libgcc.a(_aeabi_uldivmod.o)
 .ARM.attributes
                0x00000649       0x34 c:/program files/arm-gnu-toolchain-12.2.mpacbti-rel1-mingw-w64-i686-arm-none-eabi/bin/../lib/gcc/arm-none-eabi/12.2.1/thumb/v7e-m+fp/hard\libgcc.a(_udivmoddi4.o)
 .ARM.attributes
                0x0000067d       0x22 c:/program files/arm-gnu-toolchain-12.2.mpacbti-rel1-mingw-w64-i686-arm-none-eabi/bin/../lib/gcc/arm-none-eabi/12.2.1/thumb/v7e-m+fp/hard\libgcc.a(_dvmd_tls.o)
 .ARM.attributes
                0x0000069f       0x34 c:/program files/arm-gnu-toolchain-12.2.mpacbti-rel1-mingw-w64-i686-arm-none-eabi/bin/../lib/gcc/arm-none-eabi/12.2.1/thumb/v7e-m+fp/hard/crtend.o
 .ARM.attributes
                0x000006d3       0x22 c:/program files/arm-gnu-toolchain-12.2.mpacbti-rel1-mingw-w64-i686-arm-none-eabi/bin/../lib/gcc/arm-none-eabi/12.2.1/thumb/v7e-m+fp/hard/crtn.o
OUTPUT(build/LineFollower_RE.elf elf32-littlearm)
LOAD linker stubs
LOAD c:/program files/arm-gnu-toolchain-12.2.mpacbti-rel1-mingw-w64-i686-arm-none-eabi/bin/../lib/gcc/arm-none-eabi/12.2.1/thumb/v7e-m+fp/hard\libc.a
LOAD c:/program files/arm-gnu-toolchain-12.2.mpacbti-rel1-mingw-w64-i686-arm-none-eabi/bin/../lib/gcc/arm-none-eabi/12.2.1/thumb/v7e-m+fp/hard\libm.a
LOAD c:/program files/arm-gnu-toolchain-12.2.mpacbti-rel1-mingw-w64-i686-arm-none-eabi/bin/../lib/gcc/arm-none-eabi/12.2.1/thumb/v7e-m+fp/hard\libgcc.a

.debug_info     0x00000000    0x1dfcd
 .debug_info    0x00000000      0xdcc build/main.o
 .debug_info    0x00000dcc      0x5d3 build/gpio.o
 .debug_info    0x0000139f      0xe84 build/adc.o
 .debug_info    0x00002223      0x986 build/freertos.o
 .debug_info    0x00002ba9     0x1004 build/tim.o
 .debug_info    0x00003bad      0xd52 build/usart.o
 .debug_info    0x000048ff      0xad8 build/stm32f4xx_it.o
 .debug_info    0x000053d7      0x4fc build/stm32f4xx_hal_msp.o
 .debug_info    0x000058d3      0xd5f build/stm32f4xx_hal_timebase_tim.o
 .debug_info    0x00006632     0x1031 build/stm32f4xx_hal_adc.o
 .debug_info    0x00007663      0xc37 build/stm32f4xx_hal_rcc.o
 .debug_info    0x0000829a      0x872 build/stm32f4xx_hal_gpio.o
 .debug_info    0x00008b0c      0xbc6 build/stm32f4xx_hal_dma.o
 .debug_info    0x000096d2     0x10ca build/stm32f4xx_hal_cortex.o
 .debug_info    0x0000a79c      0xa91 build/stm32f4xx_hal.o
 .debug_info    0x0000b22d     0x40ba build/stm32f4xx_hal_tim.o
 .debug_info    0x0000f2e7     0x1d4a build/stm32f4xx_hal_tim_ex.o
 .debug_info    0x00011031     0x441d build/stm32f4xx_hal_uart.o
 .debug_info    0x0001544e      0x5e5 build/system_stm32f4xx.o
 .debug_info    0x00015a33      0x30f build/list.o
 .debug_info    0x00015d42     0x24a2 build/queue.o
 .debug_info    0x000181e4     0x2b12 build/tasks.o
 .debug_info    0x0001acf6     0x26d9 build/cmsis_os.o
 .debug_info    0x0001d3cf      0x60c build/heap_4.o
 .debug_info    0x0001d9db      0x5c2 build/port.o
 .debug_info    0x0001df9d       0x30 build/startup_stm32f411xe.o

.debug_abbrev   0x00000000     0x3e65
 .debug_abbrev  0x00000000      0x265 build/main.o
 .debug_abbrev  0x00000265      0x160 build/gpio.o
 .debug_abbrev  0x000003c5      0x208 build/adc.o
 .debug_abbrev  0x000005cd      0x211 build/freertos.o
 .debug_abbrev  0x000007de      0x239 build/tim.o
 .debug_abbrev  0x00000a17      0x22d build/usart.o
 .debug_abbrev  0x00000c44      0x195 build/stm32f4xx_it.o
 .debug_abbrev  0x00000dd9      0x122 build/stm32f4xx_hal_msp.o
 .debug_abbrev  0x00000efb      0x23e build/stm32f4xx_hal_timebase_tim.o
 .debug_abbrev  0x00001139      0x287 build/stm32f4xx_hal_adc.o
 .debug_abbrev  0x000013c0      0x2de build/stm32f4xx_hal_rcc.o
 .debug_abbrev  0x0000169e      0x22b build/stm32f4xx_hal_gpio.o
 .debug_abbrev  0x000018c9      0x2be build/stm32f4xx_hal_dma.o
 .debug_abbrev  0x00001b87      0x3d3 build/stm32f4xx_hal_cortex.o
 .debug_abbrev  0x00001f5a      0x275 build/stm32f4xx_hal.o
 .debug_abbrev  0x000021cf      0x2c7 build/stm32f4xx_hal_tim.o
 .debug_abbrev  0x00002496      0x2c1 build/stm32f4xx_hal_tim_ex.o
 .debug_abbrev  0x00002757      0x380 build/stm32f4xx_hal_uart.o
 .debug_abbrev  0x00002ad7      0x11b build/system_stm32f4xx.o
 .debug_abbrev  0x00002bf2      0x124 build/list.o
 .debug_abbrev  0x00002d16      0x431 build/queue.o
 .debug_abbrev  0x00003147      0x3dd build/tasks.o
 .debug_abbrev  0x00003524      0x3fb build/cmsis_os.o
 .debug_abbrev  0x0000391f      0x27a build/heap_4.o
 .debug_abbrev  0x00003b99      0x2af build/port.o
 .debug_abbrev  0x00003e48       0x1d build/startup_stm32f411xe.o

.debug_loc      0x00000000    0x16682
 .debug_loc     0x00000000       0xc8 build/main.o
 .debug_loc     0x000000c8       0x39 build/gpio.o
 .debug_loc     0x00000101      0x12c build/adc.o
 .debug_loc     0x0000022d       0xc2 build/freertos.o
 .debug_loc     0x000002ef      0x189 build/tim.o
 .debug_loc     0x00000478      0x108 build/usart.o
 .debug_loc     0x00000580       0x60 build/stm32f4xx_it.o
 .debug_loc     0x000005e0       0x38 build/stm32f4xx_hal_msp.o
 .debug_loc     0x00000618       0xe8 build/stm32f4xx_hal_timebase_tim.o
 .debug_loc     0x00000700      0xe46 build/stm32f4xx_hal_adc.o
 .debug_loc     0x00001546      0x6e4 build/stm32f4xx_hal_rcc.o
 .debug_loc     0x00001c2a      0x5db build/stm32f4xx_hal_gpio.o
 .debug_loc     0x00002205      0xd6d build/stm32f4xx_hal_dma.o
 .debug_loc     0x00002f72      0x7a7 build/stm32f4xx_hal_cortex.o
 .debug_loc     0x00003719      0x1e1 build/stm32f4xx_hal.o
 .debug_loc     0x000038fa     0x5cc6 build/stm32f4xx_hal_tim.o
 .debug_loc     0x000095c0     0x2107 build/stm32f4xx_hal_tim_ex.o
 .debug_loc     0x0000b6c7     0x4ff2 build/stm32f4xx_hal_uart.o
 .debug_loc     0x000106b9      0x158 build/system_stm32f4xx.o
 .debug_loc     0x00010811       0xe5 build/list.o
 .debug_loc     0x000108f6     0x1a2d build/queue.o
 .debug_loc     0x00012323     0x225a build/tasks.o
 .debug_loc     0x0001457d     0x1a35 build/cmsis_os.o
 .debug_loc     0x00015fb2      0x510 build/heap_4.o
 .debug_loc     0x000164c2      0x1c0 build/port.o

.debug_aranges  0x00000000     0x1330
 .debug_aranges
                0x00000000       0x38 build/main.o
 .debug_aranges
                0x00000038       0x20 build/gpio.o
 .debug_aranges
                0x00000058       0x30 build/adc.o
 .debug_aranges
                0x00000088       0x38 build/freertos.o
 .debug_aranges
                0x000000c0       0x38 build/tim.o
 .debug_aranges
                0x000000f8       0x30 build/usart.o
 .debug_aranges
                0x00000128       0x60 build/stm32f4xx_it.o
 .debug_aranges
                0x00000188       0x20 build/stm32f4xx_hal_msp.o
 .debug_aranges
                0x000001a8       0x30 build/stm32f4xx_hal_timebase_tim.o
 .debug_aranges
                0x000001d8       0xe8 build/stm32f4xx_hal_adc.o
 .debug_aranges
                0x000002c0       0x88 build/stm32f4xx_hal_rcc.o
 .debug_aranges
                0x00000348       0x58 build/stm32f4xx_hal_gpio.o
 .debug_aranges
                0x000003a0       0x90 build/stm32f4xx_hal_dma.o
 .debug_aranges
                0x00000430       0xd8 build/stm32f4xx_hal_cortex.o
 .debug_aranges
                0x00000508       0xf0 build/stm32f4xx_hal.o
 .debug_aranges
                0x000005f8      0x3d0 build/stm32f4xx_hal_tim.o
 .debug_aranges
                0x000009c8      0x168 build/stm32f4xx_hal_tim_ex.o
 .debug_aranges
                0x00000b30      0x200 build/stm32f4xx_hal_uart.o
 .debug_aranges
                0x00000d30       0x28 build/system_stm32f4xx.o
 .debug_aranges
                0x00000d58       0x40 build/list.o
 .debug_aranges
                0x00000d98      0x108 build/queue.o
 .debug_aranges
                0x00000ea0      0x1b8 build/tasks.o
 .debug_aranges
                0x00001058      0x1d8 build/cmsis_os.o
 .debug_aranges
                0x00001230       0x58 build/heap_4.o
 .debug_aranges
                0x00001288       0x80 build/port.o
 .debug_aranges
                0x00001308       0x28 build/startup_stm32f411xe.o

.debug_ranges   0x00000000     0x1388
 .debug_ranges  0x00000000       0x28 build/main.o
 .debug_ranges  0x00000028       0x10 build/gpio.o
 .debug_ranges  0x00000038       0x20 build/adc.o
 .debug_ranges  0x00000058       0x28 build/freertos.o
 .debug_ranges  0x00000080       0x28 build/tim.o
 .debug_ranges  0x000000a8       0x20 build/usart.o
 .debug_ranges  0x000000c8       0x50 build/stm32f4xx_it.o
 .debug_ranges  0x00000118       0x10 build/stm32f4xx_hal_msp.o
 .debug_ranges  0x00000128       0x20 build/stm32f4xx_hal_timebase_tim.o
 .debug_ranges  0x00000148       0xd8 build/stm32f4xx_hal_adc.o
 .debug_ranges  0x00000220       0x90 build/stm32f4xx_hal_rcc.o
 .debug_ranges  0x000002b0       0x48 build/stm32f4xx_hal_gpio.o
 .debug_ranges  0x000002f8       0x80 build/stm32f4xx_hal_dma.o
 .debug_ranges  0x00000378       0xc8 build/stm32f4xx_hal_cortex.o
 .debug_ranges  0x00000440       0xe0 build/stm32f4xx_hal.o
 .debug_ranges  0x00000520      0x3c0 build/stm32f4xx_hal_tim.o
 .debug_ranges  0x000008e0      0x158 build/stm32f4xx_hal_tim_ex.o
 .debug_ranges  0x00000a38      0x208 build/stm32f4xx_hal_uart.o
 .debug_ranges  0x00000c40       0x18 build/system_stm32f4xx.o
 .debug_ranges  0x00000c58       0x30 build/list.o
 .debug_ranges  0x00000c88      0x1c8 build/queue.o
 .debug_ranges  0x00000e50      0x280 build/tasks.o
 .debug_ranges  0x000010d0      0x1c8 build/cmsis_os.o
 .debug_ranges  0x00001298       0x48 build/heap_4.o
 .debug_ranges  0x000012e0       0x88 build/port.o
 .debug_ranges  0x00001368       0x20 build/startup_stm32f411xe.o

.debug_line     0x00000000    0x170cf
 .debug_line    0x00000000      0x3d0 build/main.o
 .debug_line    0x000003d0      0x25f build/gpio.o
 .debug_line    0x0000062f      0x519 build/adc.o
 .debug_line    0x00000b48      0x359 build/freertos.o
 .debug_line    0x00000ea1      0x3aa build/tim.o
 .debug_line    0x0000124b      0x324 build/usart.o
 .debug_line    0x0000156f      0x305 build/stm32f4xx_it.o
 .debug_line    0x00001874      0x1d4 build/stm32f4xx_hal_msp.o
 .debug_line    0x00001a48      0x30b build/stm32f4xx_hal_timebase_tim.o
 .debug_line    0x00001d53     0x1081 build/stm32f4xx_hal_adc.o
 .debug_line    0x00002dd4      0xb45 build/stm32f4xx_hal_rcc.o
 .debug_line    0x00003919      0x6e2 build/stm32f4xx_hal_gpio.o
 .debug_line    0x00003ffb      0xe9d build/stm32f4xx_hal_dma.o
 .debug_line    0x00004e98      0x854 build/stm32f4xx_hal_cortex.o
 .debug_line    0x000056ec      0x5a9 build/stm32f4xx_hal.o
 .debug_line    0x00005c95     0x4986 build/stm32f4xx_hal_tim.o
 .debug_line    0x0000a61b     0x1d06 build/stm32f4xx_hal_tim_ex.o
 .debug_line    0x0000c321     0x461e build/stm32f4xx_hal_uart.o
 .debug_line    0x0001093f      0x291 build/system_stm32f4xx.o
 .debug_line    0x00010bd0      0x397 build/list.o
 .debug_line    0x00010f67     0x1be9 build/queue.o
 .debug_line    0x00012b50     0x23e1 build/tasks.o
 .debug_line    0x00014f31     0x12a5 build/cmsis_os.o
 .debug_line    0x000161d6      0x776 build/heap_4.o
 .debug_line    0x0001694c      0x70d build/port.o
 .debug_line    0x00017059       0x76 build/startup_stm32f411xe.o

.debug_str      0x00000000     0x6102
 .debug_str     0x00000000      0xa58 build/main.o
                                0xb19 (size before relaxing)
 .debug_str     0x00000a58       0xcd build/gpio.o
                                0x37c (size before relaxing)
 .debug_str     0x00000b25      0x226 build/adc.o
                                0x7ef (size before relaxing)
 .debug_str     0x00000d4b      0x45f build/freertos.o
                                0x7ad (size before relaxing)
 .debug_str     0x000011aa      0x547 build/tim.o
                                0xdeb (size before relaxing)
 .debug_str     0x000016f1      0x217 build/usart.o
                                0xbec (size before relaxing)
 .debug_str     0x00001908       0xe6 build/stm32f4xx_it.o
                                0x98e (size before relaxing)
 .debug_str     0x000019ee       0x29 build/stm32f4xx_hal_msp.o
                                0x672 (size before relaxing)
 .debug_str     0x00001a17       0xee build/stm32f4xx_hal_timebase_tim.o
                                0xd07 (size before relaxing)
 .debug_str     0x00001b05      0x2f3 build/stm32f4xx_hal_adc.o
                                0x952 (size before relaxing)
 .debug_str     0x00001df8      0x1bb build/stm32f4xx_hal_rcc.o
                                0x708 (size before relaxing)
 .debug_str     0x00001fb3      0x104 build/stm32f4xx_hal_gpio.o
                                0x4e2 (size before relaxing)
 .debug_str     0x000020b7      0x2f2 build/stm32f4xx_hal_dma.o
                                0x766 (size before relaxing)
 .debug_str     0x000023a9      0x4b1 build/stm32f4xx_hal_cortex.o
                                0xac4 (size before relaxing)
 .debug_str     0x0000285a      0x273 build/stm32f4xx_hal.o
                                0xa0e (size before relaxing)
 .debug_str     0x00002acd      0xe0d build/stm32f4xx_hal_tim.o
                               0x16df (size before relaxing)
 .debug_str     0x000038da      0x4eb build/stm32f4xx_hal_tim_ex.o
                                0xefb (size before relaxing)
 .debug_str     0x00003dc5      0x5ec build/stm32f4xx_hal_uart.o
                                0xd49 (size before relaxing)
 .debug_str     0x000043b1       0x47 build/system_stm32f4xx.o
                                0x377 (size before relaxing)
 .debug_str     0x000043f8      0x136 build/list.o
                                0x2f2 (size before relaxing)
 .debug_str     0x0000452e      0x7af build/queue.o
                                0xb5b (size before relaxing)
 .debug_str     0x00004cdd      0x99d build/tasks.o
                               0x100b (size before relaxing)
 .debug_str     0x0000567a      0x611 build/cmsis_os.o
                               0x1075 (size before relaxing)
 .debug_str     0x00005c8b      0x2c8 build/heap_4.o
                                0x50b (size before relaxing)
 .debug_str     0x00005f53      0x17d build/port.o
                                0x46e (size before relaxing)
 .debug_str     0x000060d0       0x32 build/startup_stm32f411xe.o
                                 0x72 (size before relaxing)

.comment        0x00000000       0x55
 .comment       0x00000000       0x55 build/main.o
                                 0x56 (size before relaxing)
 .comment       0x00000055       0x56 build/gpio.o
 .comment       0x00000055       0x56 build/adc.o
 .comment       0x00000055       0x56 build/freertos.o
 .comment       0x00000055       0x56 build/tim.o
 .comment       0x00000055       0x56 build/usart.o
 .comment       0x00000055       0x56 build/stm32f4xx_it.o
 .comment       0x00000055       0x56 build/stm32f4xx_hal_msp.o
 .comment       0x00000055       0x56 build/stm32f4xx_hal_timebase_tim.o
 .comment       0x00000055       0x56 build/stm32f4xx_hal_adc.o
 .comment       0x00000055       0x56 build/stm32f4xx_hal_rcc.o
 .comment       0x00000055       0x56 build/stm32f4xx_hal_gpio.o
 .comment       0x00000055       0x56 build/stm32f4xx_hal_dma.o
 .comment       0x00000055       0x56 build/stm32f4xx_hal_cortex.o
 .comment       0x00000055       0x56 build/stm32f4xx_hal.o
 .comment       0x00000055       0x56 build/stm32f4xx_hal_tim.o
 .comment       0x00000055       0x56 build/stm32f4xx_hal_tim_ex.o
 .comment       0x00000055       0x56 build/stm32f4xx_hal_uart.o
 .comment       0x00000055       0x56 build/system_stm32f4xx.o
 .comment       0x00000055       0x56 build/list.o
 .comment       0x00000055       0x56 build/queue.o
 .comment       0x00000055       0x56 build/tasks.o
 .comment       0x00000055       0x56 build/cmsis_os.o
 .comment       0x00000055       0x56 build/heap_4.o
 .comment       0x00000055       0x56 build/port.o

.debug_frame    0x00000000     0x343c
 .debug_frame   0x00000000       0x70 build/main.o
 .debug_frame   0x00000070       0x38 build/gpio.o
 .debug_frame   0x000000a8       0x6c build/adc.o
 .debug_frame   0x00000114       0x70 build/freertos.o
 .debug_frame   0x00000184       0x84 build/tim.o
 .debug_frame   0x00000208       0x60 build/usart.o
 .debug_frame   0x00000268       0xb8 build/stm32f4xx_it.o
 .debug_frame   0x00000320       0x2c build/stm32f4xx_hal_msp.o
 .debug_frame   0x0000034c       0x54 build/stm32f4xx_hal_timebase_tim.o
 .debug_frame   0x000003a0      0x268 build/stm32f4xx_hal_adc.o
 .debug_frame   0x00000608      0x16c build/stm32f4xx_hal_rcc.o
 .debug_frame   0x00000774       0xd8 build/stm32f4xx_hal_gpio.o
 .debug_frame   0x0000084c      0x188 build/stm32f4xx_hal_dma.o
 .debug_frame   0x000009d4      0x1cc build/stm32f4xx_hal_cortex.o
 .debug_frame   0x00000ba0      0x1ec build/stm32f4xx_hal.o
 .debug_frame   0x00000d8c      0xb1c build/stm32f4xx_hal_tim.o
 .debug_frame   0x000018a8      0x40c build/stm32f4xx_hal_tim_ex.o
 .debug_frame   0x00001cb4      0x5c4 build/stm32f4xx_hal_uart.o
 .debug_frame   0x00002278       0x30 build/system_stm32f4xx.o
 .debug_frame   0x000022a8       0x70 build/list.o
 .debug_frame   0x00002318      0x35c build/queue.o
 .debug_frame   0x00002674      0x588 build/tasks.o
 .debug_frame   0x00002bfc      0x58c build/cmsis_os.o
 .debug_frame   0x00003188       0xd0 build/heap_4.o
 .debug_frame   0x00003258      0x110 build/port.o
 .debug_frame   0x00003368       0x20 c:/program files/arm-gnu-toolchain-12.2.mpacbti-rel1-mingw-w64-i686-arm-none-eabi/bin/../lib/gcc/arm-none-eabi/12.2.1/thumb/v7e-m+fp/hard\libc_nano.a(libc_a-memset.o)
 .debug_frame   0x00003388       0x2c c:/program files/arm-gnu-toolchain-12.2.mpacbti-rel1-mingw-w64-i686-arm-none-eabi/bin/../lib/gcc/arm-none-eabi/12.2.1/thumb/v7e-m+fp/hard\libc_nano.a(libc_a-init.o)
 .debug_frame   0x000033b4       0x28 c:/program files/arm-gnu-toolchain-12.2.mpacbti-rel1-mingw-w64-i686-arm-none-eabi/bin/../lib/gcc/arm-none-eabi/12.2.1/thumb/v7e-m+fp/hard\libc_nano.a(libc_a-memcpy-stub.o)
 .debug_frame   0x000033dc       0x2c c:/program files/arm-gnu-toolchain-12.2.mpacbti-rel1-mingw-w64-i686-arm-none-eabi/bin/../lib/gcc/arm-none-eabi/12.2.1/thumb/v7e-m+fp/hard\libgcc.a(_aeabi_uldivmod.o)
 .debug_frame   0x00003408       0x34 c:/program files/arm-gnu-toolchain-12.2.mpacbti-rel1-mingw-w64-i686-arm-none-eabi/bin/../lib/gcc/arm-none-eabi/12.2.1/thumb/v7e-m+fp/hard\libgcc.a(_udivmoddi4.o)

.debug_line_str
                0x00000000       0xe5
 .debug_line_str
                0x00000000       0xd9 c:/program files/arm-gnu-toolchain-12.2.mpacbti-rel1-mingw-w64-i686-arm-none-eabi/bin/../lib/gcc/arm-none-eabi/12.2.1/thumb/v7e-m+fp/hard\libgcc.a(_aeabi_uldivmod.o)
 .debug_line_str
                0x000000d9        0xc c:/program files/arm-gnu-toolchain-12.2.mpacbti-rel1-mingw-w64-i686-arm-none-eabi/bin/../lib/gcc/arm-none-eabi/12.2.1/thumb/v7e-m+fp/hard\libgcc.a(_dvmd_tls.o)
                                 0xdd (size before relaxing)

Cross Reference Table

Symbol                                            File
ADC_IRQHandler                                    build/startup_stm32f411xe.o
AHBPrescTable                                     build/system_stm32f4xx.o
                                                  build/stm32f4xx_hal_rcc.o
APBPrescTable                                     build/system_stm32f4xx.o
                                                  build/stm32f4xx_hal_rcc.o
BusFault_Handler                                  build/stm32f4xx_it.o
CommSemaphoreHandle                               build/freertos.o
DMA1_Stream0_IRQHandler                           build/startup_stm32f411xe.o
DMA1_Stream1_IRQHandler                           build/startup_stm32f411xe.o
DMA1_Stream2_IRQHandler                           build/startup_stm32f411xe.o
DMA1_Stream3_IRQHandler                           build/startup_stm32f411xe.o
DMA1_Stream4_IRQHandler                           build/startup_stm32f411xe.o
DMA1_Stream5_IRQHandler                           build/startup_stm32f411xe.o
DMA1_Stream6_IRQHandler                           build/startup_stm32f411xe.o
DMA1_Stream7_IRQHandler                           build/startup_stm32f411xe.o
DMA2_Stream0_IRQHandler                           build/startup_stm32f411xe.o
DMA2_Stream1_IRQHandler                           build/startup_stm32f411xe.o
DMA2_Stream2_IRQHandler                           build/startup_stm32f411xe.o
DMA2_Stream3_IRQHandler                           build/startup_stm32f411xe.o
DMA2_Stream4_IRQHandler                           build/startup_stm32f411xe.o
DMA2_Stream5_IRQHandler                           build/startup_stm32f411xe.o
DMA2_Stream6_IRQHandler                           build/startup_stm32f411xe.o
DMA2_Stream7_IRQHandler                           build/startup_stm32f411xe.o
DebugMon_Handler                                  build/stm32f4xx_it.o
Default_Handler                                   build/startup_stm32f411xe.o
EXTI0_IRQHandler                                  build/startup_stm32f411xe.o
EXTI15_10_IRQHandler                              build/startup_stm32f411xe.o
EXTI1_IRQHandler                                  build/startup_stm32f411xe.o
EXTI2_IRQHandler                                  build/startup_stm32f411xe.o
EXTI3_IRQHandler                                  build/startup_stm32f411xe.o
EXTI4_IRQHandler                                  build/startup_stm32f411xe.o
EXTI9_5_IRQHandler                                build/startup_stm32f411xe.o
Error_Handler                                     build/main.o
                                                  build/usart.o
                                                  build/tim.o
                                                  build/adc.o
ExStartCommTask                                   build/freertos.o
FLASH_Erase_Sector                                build/stm32f4xx_hal_flash_ex.o
                                                  build/stm32f4xx_hal_flash.o
FLASH_FlushCaches                                 build/stm32f4xx_hal_flash_ex.o
                                                  build/stm32f4xx_hal_flash.o
FLASH_IRQHandler                                  build/startup_stm32f411xe.o
FLASH_WaitForLastOperation                        build/stm32f4xx_hal_flash.o
                                                  build/stm32f4xx_hal_flash_ex.o
FPU_IRQHandler                                    build/startup_stm32f411xe.o
HAL_ADCEx_InjectedConfigChannel                   build/stm32f4xx_hal_adc_ex.o
HAL_ADCEx_InjectedConvCpltCallback                build/stm32f4xx_hal_adc_ex.o
                                                  build/stm32f4xx_hal_adc.o
HAL_ADCEx_InjectedGetValue                        build/stm32f4xx_hal_adc_ex.o
HAL_ADCEx_InjectedPollForConversion               build/stm32f4xx_hal_adc_ex.o
HAL_ADCEx_InjectedStart                           build/stm32f4xx_hal_adc_ex.o
HAL_ADCEx_InjectedStart_IT                        build/stm32f4xx_hal_adc_ex.o
HAL_ADCEx_InjectedStop                            build/stm32f4xx_hal_adc_ex.o
HAL_ADCEx_InjectedStop_IT                         build/stm32f4xx_hal_adc_ex.o
HAL_ADCEx_MultiModeConfigChannel                  build/stm32f4xx_hal_adc_ex.o
HAL_ADCEx_MultiModeGetValue                       build/stm32f4xx_hal_adc_ex.o
HAL_ADCEx_MultiModeStart_DMA                      build/stm32f4xx_hal_adc_ex.o
HAL_ADCEx_MultiModeStop_DMA                       build/stm32f4xx_hal_adc_ex.o
HAL_ADC_AnalogWDGConfig                           build/stm32f4xx_hal_adc.o
HAL_ADC_ConfigChannel                             build/stm32f4xx_hal_adc.o
                                                  build/adc.o
HAL_ADC_ConvCpltCallback                          build/stm32f4xx_hal_adc.o
                                                  build/stm32f4xx_hal_adc_ex.o
HAL_ADC_ConvHalfCpltCallback                      build/stm32f4xx_hal_adc.o
                                                  build/stm32f4xx_hal_adc_ex.o
HAL_ADC_DeInit                                    build/stm32f4xx_hal_adc.o
HAL_ADC_ErrorCallback                             build/stm32f4xx_hal_adc.o
                                                  build/stm32f4xx_hal_adc_ex.o
HAL_ADC_GetError                                  build/stm32f4xx_hal_adc.o
HAL_ADC_GetState                                  build/stm32f4xx_hal_adc.o
HAL_ADC_GetValue                                  build/stm32f4xx_hal_adc.o
HAL_ADC_IRQHandler                                build/stm32f4xx_hal_adc.o
HAL_ADC_Init                                      build/stm32f4xx_hal_adc.o
                                                  build/adc.o
HAL_ADC_LevelOutOfWindowCallback                  build/stm32f4xx_hal_adc.o
HAL_ADC_MspDeInit                                 build/adc.o
HAL_ADC_MspInit                                   build/adc.o
HAL_ADC_PollForConversion                         build/stm32f4xx_hal_adc.o
HAL_ADC_PollForEvent                              build/stm32f4xx_hal_adc.o
HAL_ADC_Start                                     build/stm32f4xx_hal_adc.o
HAL_ADC_Start_DMA                                 build/stm32f4xx_hal_adc.o
HAL_ADC_Start_IT                                  build/stm32f4xx_hal_adc.o
HAL_ADC_Stop                                      build/stm32f4xx_hal_adc.o
HAL_ADC_Stop_DMA                                  build/stm32f4xx_hal_adc.o
HAL_ADC_Stop_IT                                   build/stm32f4xx_hal_adc.o
HAL_DBGMCU_DisableDBGSleepMode                    build/stm32f4xx_hal.o
HAL_DBGMCU_DisableDBGStandbyMode                  build/stm32f4xx_hal.o
HAL_DBGMCU_DisableDBGStopMode                     build/stm32f4xx_hal.o
HAL_DBGMCU_EnableDBGSleepMode                     build/stm32f4xx_hal.o
HAL_DBGMCU_EnableDBGStandbyMode                   build/stm32f4xx_hal.o
HAL_DBGMCU_EnableDBGStopMode                      build/stm32f4xx_hal.o
HAL_DMAEx_ChangeMemory                            build/stm32f4xx_hal_dma_ex.o
HAL_DMAEx_MultiBufferStart                        build/stm32f4xx_hal_dma_ex.o
HAL_DMAEx_MultiBufferStart_IT                     build/stm32f4xx_hal_dma_ex.o
HAL_DMA_Abort                                     build/stm32f4xx_hal_dma.o
                                                  build/stm32f4xx_hal_uart.o
                                                  build/stm32f4xx_hal_adc_ex.o
                                                  build/stm32f4xx_hal_adc.o
HAL_DMA_Abort_IT                                  build/stm32f4xx_hal_dma.o
                                                  build/stm32f4xx_hal_uart.o
                                                  build/stm32f4xx_hal_tim_ex.o
                                                  build/stm32f4xx_hal_tim.o
HAL_DMA_DeInit                                    build/stm32f4xx_hal_dma.o
HAL_DMA_GetError                                  build/stm32f4xx_hal_dma.o
                                                  build/stm32f4xx_hal_uart.o
HAL_DMA_GetState                                  build/stm32f4xx_hal_dma.o
HAL_DMA_IRQHandler                                build/stm32f4xx_hal_dma.o
HAL_DMA_Init                                      build/stm32f4xx_hal_dma.o
HAL_DMA_PollForTransfer                           build/stm32f4xx_hal_dma.o
HAL_DMA_RegisterCallback                          build/stm32f4xx_hal_dma.o
HAL_DMA_Start                                     build/stm32f4xx_hal_dma.o
HAL_DMA_Start_IT                                  build/stm32f4xx_hal_dma.o
                                                  build/stm32f4xx_hal_uart.o
                                                  build/stm32f4xx_hal_tim_ex.o
                                                  build/stm32f4xx_hal_tim.o
                                                  build/stm32f4xx_hal_adc_ex.o
                                                  build/stm32f4xx_hal_adc.o
HAL_DMA_UnRegisterCallback                        build/stm32f4xx_hal_dma.o
HAL_DeInit                                        build/stm32f4xx_hal.o
HAL_Delay                                         build/stm32f4xx_hal.o
HAL_DisableCompensationCell                       build/stm32f4xx_hal.o
HAL_EXTI_ClearConfigLine                          build/stm32f4xx_hal_exti.o
HAL_EXTI_ClearPending                             build/stm32f4xx_hal_exti.o
HAL_EXTI_GenerateSWI                              build/stm32f4xx_hal_exti.o
HAL_EXTI_GetConfigLine                            build/stm32f4xx_hal_exti.o
HAL_EXTI_GetHandle                                build/stm32f4xx_hal_exti.o
HAL_EXTI_GetPending                               build/stm32f4xx_hal_exti.o
HAL_EXTI_IRQHandler                               build/stm32f4xx_hal_exti.o
HAL_EXTI_RegisterCallback                         build/stm32f4xx_hal_exti.o
HAL_EXTI_SetConfigLine                            build/stm32f4xx_hal_exti.o
HAL_EnableCompensationCell                        build/stm32f4xx_hal.o
HAL_FLASHEx_AdvOBGetConfig                        build/stm32f4xx_hal_flash_ex.o
HAL_FLASHEx_AdvOBProgram                          build/stm32f4xx_hal_flash_ex.o
HAL_FLASHEx_DisableFlashSleepMode                 build/stm32f4xx_hal_flash_ramfunc.o
HAL_FLASHEx_EnableFlashSleepMode                  build/stm32f4xx_hal_flash_ramfunc.o
HAL_FLASHEx_Erase                                 build/stm32f4xx_hal_flash_ex.o
HAL_FLASHEx_Erase_IT                              build/stm32f4xx_hal_flash_ex.o
HAL_FLASHEx_OBGetConfig                           build/stm32f4xx_hal_flash_ex.o
HAL_FLASHEx_OBProgram                             build/stm32f4xx_hal_flash_ex.o
HAL_FLASHEx_OB_DeSelectPCROP                      build/stm32f4xx_hal_flash_ex.o
HAL_FLASHEx_OB_SelectPCROP                        build/stm32f4xx_hal_flash_ex.o
HAL_FLASHEx_StartFlashInterfaceClk                build/stm32f4xx_hal_flash_ramfunc.o
HAL_FLASHEx_StopFlashInterfaceClk                 build/stm32f4xx_hal_flash_ramfunc.o
HAL_FLASH_EndOfOperationCallback                  build/stm32f4xx_hal_flash.o
HAL_FLASH_GetError                                build/stm32f4xx_hal_flash.o
HAL_FLASH_IRQHandler                              build/stm32f4xx_hal_flash.o
HAL_FLASH_Lock                                    build/stm32f4xx_hal_flash.o
HAL_FLASH_OB_Launch                               build/stm32f4xx_hal_flash.o
HAL_FLASH_OB_Lock                                 build/stm32f4xx_hal_flash.o
HAL_FLASH_OB_Unlock                               build/stm32f4xx_hal_flash.o
HAL_FLASH_OperationErrorCallback                  build/stm32f4xx_hal_flash.o
HAL_FLASH_Program                                 build/stm32f4xx_hal_flash.o
HAL_FLASH_Program_IT                              build/stm32f4xx_hal_flash.o
HAL_FLASH_Unlock                                  build/stm32f4xx_hal_flash.o
HAL_GPIO_DeInit                                   build/stm32f4xx_hal_gpio.o
                                                  build/usart.o
                                                  build/adc.o
HAL_GPIO_EXTI_Callback                            build/stm32f4xx_hal_gpio.o
HAL_GPIO_EXTI_IRQHandler                          build/stm32f4xx_hal_gpio.o
HAL_GPIO_Init                                     build/stm32f4xx_hal_gpio.o
                                                  build/stm32f4xx_hal_rcc.o
                                                  build/usart.o
                                                  build/tim.o
                                                  build/adc.o
                                                  build/gpio.o
HAL_GPIO_LockPin                                  build/stm32f4xx_hal_gpio.o
HAL_GPIO_ReadPin                                  build/stm32f4xx_hal_gpio.o
HAL_GPIO_TogglePin                                build/stm32f4xx_hal_gpio.o
                                                  build/freertos.o
HAL_GPIO_WritePin                                 build/stm32f4xx_hal_gpio.o
                                                  build/freertos.o
                                                  build/gpio.o
HAL_GetDEVID                                      build/stm32f4xx_hal.o
HAL_GetHalVersion                                 build/stm32f4xx_hal.o
HAL_GetREVID                                      build/stm32f4xx_hal.o
HAL_GetTick                                       build/stm32f4xx_hal.o
                                                  build/stm32f4xx_hal_uart.o
                                                  build/stm32f4xx_hal_pwr_ex.o
                                                  build/stm32f4xx_hal_dma.o
                                                  build/stm32f4xx_hal_flash.o
                                                  build/stm32f4xx_hal_rcc_ex.o
                                                  build/stm32f4xx_hal_rcc.o
                                                  build/stm32f4xx_hal_adc_ex.o
                                                  build/stm32f4xx_hal_adc.o
HAL_GetTickFreq                                   build/stm32f4xx_hal.o
HAL_GetTickPrio                                   build/stm32f4xx_hal.o
HAL_GetUIDw0                                      build/stm32f4xx_hal.o
HAL_GetUIDw1                                      build/stm32f4xx_hal.o
HAL_GetUIDw2                                      build/stm32f4xx_hal.o
HAL_HalfDuplex_EnableReceiver                     build/stm32f4xx_hal_uart.o
HAL_HalfDuplex_EnableTransmitter                  build/stm32f4xx_hal_uart.o
HAL_HalfDuplex_Init                               build/stm32f4xx_hal_uart.o
HAL_IncTick                                       build/stm32f4xx_hal.o
                                                  build/main.o
HAL_Init                                          build/stm32f4xx_hal.o
                                                  build/main.o
HAL_InitTick                                      build/stm32f4xx_hal_timebase_tim.o
                                                  build/stm32f4xx_hal_rcc_ex.o
                                                  build/stm32f4xx_hal_rcc.o
HAL_LIN_Init                                      build/stm32f4xx_hal_uart.o
HAL_LIN_SendBreak                                 build/stm32f4xx_hal_uart.o
HAL_MPU_ConfigRegion                              build/stm32f4xx_hal_cortex.o
HAL_MPU_Disable                                   build/stm32f4xx_hal_cortex.o
HAL_MPU_Enable                                    build/stm32f4xx_hal_cortex.o
HAL_MspDeInit                                     build/stm32f4xx_hal.o
HAL_MspInit                                       build/stm32f4xx_hal_msp.o
HAL_MultiProcessor_EnterMuteMode                  build/stm32f4xx_hal_uart.o
HAL_MultiProcessor_ExitMuteMode                   build/stm32f4xx_hal_uart.o
HAL_MultiProcessor_Init                           build/stm32f4xx_hal_uart.o
HAL_NVIC_ClearPendingIRQ                          build/stm32f4xx_hal_cortex.o
HAL_NVIC_DisableIRQ                               build/stm32f4xx_hal_cortex.o
                                                  build/usart.o
                                                  build/tim.o
HAL_NVIC_EnableIRQ                                build/stm32f4xx_hal_cortex.o
                                                  build/stm32f4xx_hal_timebase_tim.o
                                                  build/usart.o
                                                  build/tim.o
HAL_NVIC_GetActive                                build/stm32f4xx_hal_cortex.o
HAL_NVIC_GetPendingIRQ                            build/stm32f4xx_hal_cortex.o
HAL_NVIC_GetPriority                              build/stm32f4xx_hal_cortex.o
HAL_NVIC_GetPriorityGrouping                      build/stm32f4xx_hal_cortex.o
HAL_NVIC_SetPendingIRQ                            build/stm32f4xx_hal_cortex.o
HAL_NVIC_SetPriority                              build/stm32f4xx_hal_cortex.o
                                                  build/stm32f4xx_hal.o
                                                  build/stm32f4xx_hal_timebase_tim.o
                                                  build/stm32f4xx_hal_msp.o
                                                  build/usart.o
                                                  build/tim.o
HAL_NVIC_SetPriorityGrouping                      build/stm32f4xx_hal_cortex.o
                                                  build/stm32f4xx_hal.o
HAL_NVIC_SystemReset                              build/stm32f4xx_hal_cortex.o
HAL_PWREx_ControlVoltageScaling                   build/stm32f4xx_hal_pwr_ex.o
HAL_PWREx_DisableBkUpReg                          build/stm32f4xx_hal_pwr_ex.o
HAL_PWREx_DisableFlashPowerDown                   build/stm32f4xx_hal_pwr_ex.o
HAL_PWREx_DisableLowRegulatorLowVoltage           build/stm32f4xx_hal_pwr_ex.o
HAL_PWREx_DisableMainRegulatorLowVoltage          build/stm32f4xx_hal_pwr_ex.o
HAL_PWREx_EnableBkUpReg                           build/stm32f4xx_hal_pwr_ex.o
HAL_PWREx_EnableFlashPowerDown                    build/stm32f4xx_hal_pwr_ex.o
HAL_PWREx_EnableLowRegulatorLowVoltage            build/stm32f4xx_hal_pwr_ex.o
HAL_PWREx_EnableMainRegulatorLowVoltage           build/stm32f4xx_hal_pwr_ex.o
HAL_PWREx_GetVoltageRange                         build/stm32f4xx_hal_pwr_ex.o
HAL_PWR_ConfigPVD                                 build/stm32f4xx_hal_pwr.o
HAL_PWR_DeInit                                    build/stm32f4xx_hal_pwr.o
HAL_PWR_DisableBkUpAccess                         build/stm32f4xx_hal_pwr.o
HAL_PWR_DisablePVD                                build/stm32f4xx_hal_pwr.o
HAL_PWR_DisableSEVOnPend                          build/stm32f4xx_hal_pwr.o
HAL_PWR_DisableSleepOnExit                        build/stm32f4xx_hal_pwr.o
HAL_PWR_DisableWakeUpPin                          build/stm32f4xx_hal_pwr.o
HAL_PWR_EnableBkUpAccess                          build/stm32f4xx_hal_pwr.o
HAL_PWR_EnablePVD                                 build/stm32f4xx_hal_pwr.o
HAL_PWR_EnableSEVOnPend                           build/stm32f4xx_hal_pwr.o
HAL_PWR_EnableSleepOnExit                         build/stm32f4xx_hal_pwr.o
HAL_PWR_EnableWakeUpPin                           build/stm32f4xx_hal_pwr.o
HAL_PWR_EnterSLEEPMode                            build/stm32f4xx_hal_pwr.o
HAL_PWR_EnterSTANDBYMode                          build/stm32f4xx_hal_pwr.o
HAL_PWR_EnterSTOPMode                             build/stm32f4xx_hal_pwr.o
HAL_PWR_PVDCallback                               build/stm32f4xx_hal_pwr.o
HAL_PWR_PVD_IRQHandler                            build/stm32f4xx_hal_pwr.o
HAL_RCCEx_DisablePLLI2S                           build/stm32f4xx_hal_rcc_ex.o
HAL_RCCEx_EnablePLLI2S                            build/stm32f4xx_hal_rcc_ex.o
HAL_RCCEx_GetPeriphCLKConfig                      build/stm32f4xx_hal_rcc_ex.o
HAL_RCCEx_GetPeriphCLKFreq                        build/stm32f4xx_hal_rcc_ex.o
HAL_RCCEx_PeriphCLKConfig                         build/stm32f4xx_hal_rcc_ex.o
HAL_RCCEx_SelectLSEMode                           build/stm32f4xx_hal_rcc_ex.o
HAL_RCC_CSSCallback                               build/stm32f4xx_hal_rcc.o
HAL_RCC_ClockConfig                               build/stm32f4xx_hal_rcc.o
                                                  build/main.o
HAL_RCC_DeInit                                    build/stm32f4xx_hal_rcc_ex.o
                                                  build/stm32f4xx_hal_rcc.o
HAL_RCC_DisableCSS                                build/stm32f4xx_hal_rcc.o
HAL_RCC_EnableCSS                                 build/stm32f4xx_hal_rcc.o
HAL_RCC_GetClockConfig                            build/stm32f4xx_hal_rcc.o
                                                  build/stm32f4xx_hal_timebase_tim.o
HAL_RCC_GetHCLKFreq                               build/stm32f4xx_hal_rcc.o
HAL_RCC_GetOscConfig                              build/stm32f4xx_hal_rcc.o
HAL_RCC_GetPCLK1Freq                              build/stm32f4xx_hal_rcc.o
                                                  build/stm32f4xx_hal_uart.o
HAL_RCC_GetPCLK2Freq                              build/stm32f4xx_hal_rcc.o
                                                  build/stm32f4xx_hal_uart.o
                                                  build/stm32f4xx_hal_timebase_tim.o
HAL_RCC_GetSysClockFreq                           build/stm32f4xx_hal_rcc.o
HAL_RCC_MCOConfig                                 build/stm32f4xx_hal_rcc.o
HAL_RCC_NMI_IRQHandler                            build/stm32f4xx_hal_rcc.o
HAL_RCC_OscConfig                                 build/stm32f4xx_hal_rcc.o
                                                  build/main.o
HAL_ResumeTick                                    build/stm32f4xx_hal_timebase_tim.o
HAL_SYSTICK_CLKSourceConfig                       build/stm32f4xx_hal_cortex.o
HAL_SYSTICK_Callback                              build/stm32f4xx_hal_cortex.o
HAL_SYSTICK_Config                                build/stm32f4xx_hal_cortex.o
                                                  build/stm32f4xx_hal.o
HAL_SYSTICK_IRQHandler                            build/stm32f4xx_hal_cortex.o
HAL_SetTickFreq                                   build/stm32f4xx_hal.o
HAL_SuspendTick                                   build/stm32f4xx_hal_timebase_tim.o
HAL_TIMEx_BreakCallback                           build/stm32f4xx_hal_tim_ex.o
                                                  build/stm32f4xx_hal_tim.o
HAL_TIMEx_CommutCallback                          build/stm32f4xx_hal_tim_ex.o
                                                  build/stm32f4xx_hal_tim.o
HAL_TIMEx_CommutHalfCpltCallback                  build/stm32f4xx_hal_tim_ex.o
HAL_TIMEx_ConfigBreakDeadTime                     build/stm32f4xx_hal_tim_ex.o
HAL_TIMEx_ConfigCommutEvent                       build/stm32f4xx_hal_tim_ex.o
HAL_TIMEx_ConfigCommutEvent_DMA                   build/stm32f4xx_hal_tim_ex.o
HAL_TIMEx_ConfigCommutEvent_IT                    build/stm32f4xx_hal_tim_ex.o
HAL_TIMEx_GetChannelNState                        build/stm32f4xx_hal_tim_ex.o
HAL_TIMEx_HallSensor_DeInit                       build/stm32f4xx_hal_tim_ex.o
HAL_TIMEx_HallSensor_GetState                     build/stm32f4xx_hal_tim_ex.o
HAL_TIMEx_HallSensor_Init                         build/stm32f4xx_hal_tim_ex.o
HAL_TIMEx_HallSensor_MspDeInit                    build/stm32f4xx_hal_tim_ex.o
HAL_TIMEx_HallSensor_MspInit                      build/stm32f4xx_hal_tim_ex.o
HAL_TIMEx_HallSensor_Start                        build/stm32f4xx_hal_tim_ex.o
HAL_TIMEx_HallSensor_Start_DMA                    build/stm32f4xx_hal_tim_ex.o
HAL_TIMEx_HallSensor_Start_IT                     build/stm32f4xx_hal_tim_ex.o
HAL_TIMEx_HallSensor_Stop                         build/stm32f4xx_hal_tim_ex.o
HAL_TIMEx_HallSensor_Stop_DMA                     build/stm32f4xx_hal_tim_ex.o
HAL_TIMEx_HallSensor_Stop_IT                      build/stm32f4xx_hal_tim_ex.o
HAL_TIMEx_MasterConfigSynchronization             build/stm32f4xx_hal_tim_ex.o
                                                  build/tim.o
HAL_TIMEx_OCN_Start                               build/stm32f4xx_hal_tim_ex.o
HAL_TIMEx_OCN_Start_DMA                           build/stm32f4xx_hal_tim_ex.o
HAL_TIMEx_OCN_Start_IT                            build/stm32f4xx_hal_tim_ex.o
HAL_TIMEx_OCN_Stop                                build/stm32f4xx_hal_tim_ex.o
HAL_TIMEx_OCN_Stop_DMA                            build/stm32f4xx_hal_tim_ex.o
HAL_TIMEx_OCN_Stop_IT                             build/stm32f4xx_hal_tim_ex.o
HAL_TIMEx_OnePulseN_Start                         build/stm32f4xx_hal_tim_ex.o
HAL_TIMEx_OnePulseN_Start_IT                      build/stm32f4xx_hal_tim_ex.o
HAL_TIMEx_OnePulseN_Stop                          build/stm32f4xx_hal_tim_ex.o
HAL_TIMEx_OnePulseN_Stop_IT                       build/stm32f4xx_hal_tim_ex.o
HAL_TIMEx_PWMN_Start                              build/stm32f4xx_hal_tim_ex.o
HAL_TIMEx_PWMN_Start_DMA                          build/stm32f4xx_hal_tim_ex.o
HAL_TIMEx_PWMN_Start_IT                           build/stm32f4xx_hal_tim_ex.o
HAL_TIMEx_PWMN_Stop                               build/stm32f4xx_hal_tim_ex.o
HAL_TIMEx_PWMN_Stop_DMA                           build/stm32f4xx_hal_tim_ex.o
HAL_TIMEx_PWMN_Stop_IT                            build/stm32f4xx_hal_tim_ex.o
HAL_TIMEx_RemapConfig                             build/stm32f4xx_hal_tim_ex.o
HAL_TIM_Base_DeInit                               build/stm32f4xx_hal_tim.o
HAL_TIM_Base_GetState                             build/stm32f4xx_hal_tim.o
HAL_TIM_Base_Init                                 build/stm32f4xx_hal_tim.o
                                                  build/stm32f4xx_hal_timebase_tim.o
HAL_TIM_Base_MspDeInit                            build/stm32f4xx_hal_tim.o
HAL_TIM_Base_MspInit                              build/stm32f4xx_hal_tim.o
HAL_TIM_Base_Start                                build/stm32f4xx_hal_tim.o
HAL_TIM_Base_Start_DMA                            build/stm32f4xx_hal_tim.o
HAL_TIM_Base_Start_IT                             build/stm32f4xx_hal_tim.o
                                                  build/stm32f4xx_hal_timebase_tim.o
HAL_TIM_Base_Stop                                 build/stm32f4xx_hal_tim.o
HAL_TIM_Base_Stop_DMA                             build/stm32f4xx_hal_tim.o
HAL_TIM_Base_Stop_IT                              build/stm32f4xx_hal_tim.o
HAL_TIM_ConfigClockSource                         build/stm32f4xx_hal_tim.o
HAL_TIM_ConfigOCrefClear                          build/stm32f4xx_hal_tim.o
HAL_TIM_ConfigTI1Input                            build/stm32f4xx_hal_tim.o
HAL_TIM_DMABurstState                             build/stm32f4xx_hal_tim.o
HAL_TIM_DMABurst_MultiReadStart                   build/stm32f4xx_hal_tim.o
HAL_TIM_DMABurst_MultiWriteStart                  build/stm32f4xx_hal_tim.o
HAL_TIM_DMABurst_ReadStart                        build/stm32f4xx_hal_tim.o
HAL_TIM_DMABurst_ReadStop                         build/stm32f4xx_hal_tim.o
HAL_TIM_DMABurst_WriteStart                       build/stm32f4xx_hal_tim.o
HAL_TIM_DMABurst_WriteStop                        build/stm32f4xx_hal_tim.o
HAL_TIM_Encoder_DeInit                            build/stm32f4xx_hal_tim.o
HAL_TIM_Encoder_GetState                          build/stm32f4xx_hal_tim.o
HAL_TIM_Encoder_Init                              build/stm32f4xx_hal_tim.o
HAL_TIM_Encoder_MspDeInit                         build/stm32f4xx_hal_tim.o
HAL_TIM_Encoder_MspInit                           build/stm32f4xx_hal_tim.o
HAL_TIM_Encoder_Start                             build/stm32f4xx_hal_tim.o
HAL_TIM_Encoder_Start_DMA                         build/stm32f4xx_hal_tim.o
HAL_TIM_Encoder_Start_IT                          build/stm32f4xx_hal_tim.o
HAL_TIM_Encoder_Stop                              build/stm32f4xx_hal_tim.o
HAL_TIM_Encoder_Stop_DMA                          build/stm32f4xx_hal_tim.o
HAL_TIM_Encoder_Stop_IT                           build/stm32f4xx_hal_tim.o
HAL_TIM_ErrorCallback                             build/stm32f4xx_hal_tim.o
                                                  build/stm32f4xx_hal_tim_ex.o
HAL_TIM_GenerateEvent                             build/stm32f4xx_hal_tim.o
HAL_TIM_GetActiveChannel                          build/stm32f4xx_hal_tim.o
HAL_TIM_GetChannelState                           build/stm32f4xx_hal_tim.o
HAL_TIM_IC_CaptureCallback                        build/stm32f4xx_hal_tim.o
HAL_TIM_IC_CaptureHalfCpltCallback                build/stm32f4xx_hal_tim.o
HAL_TIM_IC_ConfigChannel                          build/stm32f4xx_hal_tim.o
HAL_TIM_IC_DeInit                                 build/stm32f4xx_hal_tim.o
HAL_TIM_IC_GetState                               build/stm32f4xx_hal_tim.o
HAL_TIM_IC_Init                                   build/stm32f4xx_hal_tim.o
HAL_TIM_IC_MspDeInit                              build/stm32f4xx_hal_tim.o
HAL_TIM_IC_MspInit                                build/stm32f4xx_hal_tim.o
HAL_TIM_IC_Start                                  build/stm32f4xx_hal_tim.o
HAL_TIM_IC_Start_DMA                              build/stm32f4xx_hal_tim.o
HAL_TIM_IC_Start_IT                               build/stm32f4xx_hal_tim.o
HAL_TIM_IC_Stop                                   build/stm32f4xx_hal_tim.o
HAL_TIM_IC_Stop_DMA                               build/stm32f4xx_hal_tim.o
HAL_TIM_IC_Stop_IT                                build/stm32f4xx_hal_tim.o
HAL_TIM_IRQHandler                                build/stm32f4xx_hal_tim.o
                                                  build/stm32f4xx_it.o
HAL_TIM_MspPostInit                               build/tim.o
HAL_TIM_OC_ConfigChannel                          build/stm32f4xx_hal_tim.o
HAL_TIM_OC_DeInit                                 build/stm32f4xx_hal_tim.o
HAL_TIM_OC_DelayElapsedCallback                   build/stm32f4xx_hal_tim.o
HAL_TIM_OC_GetState                               build/stm32f4xx_hal_tim.o
HAL_TIM_OC_Init                                   build/stm32f4xx_hal_tim.o
HAL_TIM_OC_MspDeInit                              build/stm32f4xx_hal_tim.o
HAL_TIM_OC_MspInit                                build/stm32f4xx_hal_tim.o
HAL_TIM_OC_Start                                  build/stm32f4xx_hal_tim.o
HAL_TIM_OC_Start_DMA                              build/stm32f4xx_hal_tim.o
HAL_TIM_OC_Start_IT                               build/stm32f4xx_hal_tim.o
HAL_TIM_OC_Stop                                   build/stm32f4xx_hal_tim.o
HAL_TIM_OC_Stop_DMA                               build/stm32f4xx_hal_tim.o
HAL_TIM_OC_Stop_IT                                build/stm32f4xx_hal_tim.o
HAL_TIM_OnePulse_ConfigChannel                    build/stm32f4xx_hal_tim.o
HAL_TIM_OnePulse_DeInit                           build/stm32f4xx_hal_tim.o
HAL_TIM_OnePulse_GetState                         build/stm32f4xx_hal_tim.o
HAL_TIM_OnePulse_Init                             build/stm32f4xx_hal_tim.o
HAL_TIM_OnePulse_MspDeInit                        build/stm32f4xx_hal_tim.o
HAL_TIM_OnePulse_MspInit                          build/stm32f4xx_hal_tim.o
HAL_TIM_OnePulse_Start                            build/stm32f4xx_hal_tim.o
HAL_TIM_OnePulse_Start_IT                         build/stm32f4xx_hal_tim.o
HAL_TIM_OnePulse_Stop                             build/stm32f4xx_hal_tim.o
HAL_TIM_OnePulse_Stop_IT                          build/stm32f4xx_hal_tim.o
HAL_TIM_PWM_ConfigChannel                         build/stm32f4xx_hal_tim.o
                                                  build/tim.o
HAL_TIM_PWM_DeInit                                build/stm32f4xx_hal_tim.o
HAL_TIM_PWM_GetState                              build/stm32f4xx_hal_tim.o
HAL_TIM_PWM_Init                                  build/stm32f4xx_hal_tim.o
                                                  build/tim.o
HAL_TIM_PWM_MspDeInit                             build/tim.o
HAL_TIM_PWM_MspInit                               build/tim.o
HAL_TIM_PWM_PulseFinishedCallback                 build/stm32f4xx_hal_tim.o
                                                  build/stm32f4xx_hal_tim_ex.o
HAL_TIM_PWM_PulseFinishedHalfCpltCallback         build/stm32f4xx_hal_tim.o
HAL_TIM_PWM_Start                                 build/stm32f4xx_hal_tim.o
HAL_TIM_PWM_Start_DMA                             build/stm32f4xx_hal_tim.o
HAL_TIM_PWM_Start_IT                              build/stm32f4xx_hal_tim.o
HAL_TIM_PWM_Stop                                  build/stm32f4xx_hal_tim.o
HAL_TIM_PWM_Stop_DMA                              build/stm32f4xx_hal_tim.o
HAL_TIM_PWM_Stop_IT                               build/stm32f4xx_hal_tim.o
HAL_TIM_PeriodElapsedCallback                     build/main.o
HAL_TIM_PeriodElapsedHalfCpltCallback             build/stm32f4xx_hal_tim.o
HAL_TIM_ReadCapturedValue                         build/stm32f4xx_hal_tim.o
HAL_TIM_SlaveConfigSynchro                        build/stm32f4xx_hal_tim.o
HAL_TIM_SlaveConfigSynchro_IT                     build/stm32f4xx_hal_tim.o
HAL_TIM_TriggerCallback                           build/stm32f4xx_hal_tim.o
HAL_TIM_TriggerHalfCpltCallback                   build/stm32f4xx_hal_tim.o
HAL_UARTEx_ReceiveToIdle                          build/stm32f4xx_hal_uart.o
HAL_UARTEx_ReceiveToIdle_DMA                      build/stm32f4xx_hal_uart.o
HAL_UARTEx_ReceiveToIdle_IT                       build/stm32f4xx_hal_uart.o
HAL_UARTEx_RxEventCallback                        build/stm32f4xx_hal_uart.o
HAL_UART_Abort                                    build/stm32f4xx_hal_uart.o
HAL_UART_AbortCpltCallback                        build/stm32f4xx_hal_uart.o
HAL_UART_AbortReceive                             build/stm32f4xx_hal_uart.o
HAL_UART_AbortReceiveCpltCallback                 build/stm32f4xx_hal_uart.o
HAL_UART_AbortReceive_IT                          build/stm32f4xx_hal_uart.o
HAL_UART_AbortTransmit                            build/stm32f4xx_hal_uart.o